<html>
<body>
<pre>
<h1>µVision Build Log</h1>
<h2>Tool Versions:</h2>
IDE-Version: µVision V5.37.0.0
Copyright (C) 2022 ARM Ltd and ARM Germany GmbH. All rights reserved.
License Information: Nurullah ÇELEBÝ, Student, LIC=----
 
Tool Versions:
Toolchain:       MDK-Lite  Version: 5.37.0.0
Toolchain Path:  C:\Keil_v5\ARM\ARMCLANG\Bin
C Compiler:      ArmClang.exe V6.18
Assembler:       Armasm.exe V6.18
Linker/Locator:  ArmLink.exe V6.18
Library Manager: ArmAr.exe V6.18
Hex Converter:   FromElf.exe V6.18
CPU DLL:         SARMCM3.DLL V5.37.0.0
Dialog DLL:      DARMCM1.DLL V1.19.6.0
Target DLL:      STLink\ST-LINKIII-KEIL_SWO.dll V3.0.9.0
Dialog DLL:      TARMCM1.DLL V1.14.6.0
 
<h2>Project:</h2>
C:\Users\celeb\Desktop\projects\stm\Projects\Blinky\Blinky.uvprojx
Project File Date:  08/22/2022

<h2>Output:</h2>
*** Using Compiler 'V6.18', folder: 'C:\Keil_v5\ARM\ARMCLANG\Bin'
Rebuild target 'STM32G071B-DISCO'
compiling Blinky.c...
compiling stm32g0xx_it.c...
assembling irq_armv6m.S...
compiling main.c...
compiling rtx_memory.c...
compiling rtx_delay.c...
compiling rtx_lib.c...
compiling stm32g071b_discovery.c...
compiling rtx_semaphore.c...
compiling rtx_mutex.c...
compiling rtx_mempool.c...
compiling rtx_evr.c...
compiling rtx_evflags.c...
compiling rtx_kernel.c...
compiling RTX_Config.c...
compiling rtx_system.c...
compiling rtx_msgqueue.c...
compiling os_systick.c...
compiling rtx_timer.c...
compiling stm32g0xx_hal.c...
compiling vio_STM32G071B-DISCO.c...
compiling stm32g0xx_hal_cortex.c...
compiling stm32g0xx_hal_dma_ex.c...
compiling stm32g0xx_hal_pwr.c...
compiling stm32g0xx_hal_dma.c...
compiling stm32g0xx_hal_gpio.c...
compiling stm32g0xx_hal_exti.c...
compiling stm32g0xx_hal_pwr_ex.c...
compiling EventRecorder.c...
assembling startup_stm32g071xx.s...
compiling stm32g0xx_hal_uart.c...
compiling stm32g0xx_hal_uart_ex.c...
compiling stm32g0xx_hal_rcc_ex.c...
compiling stm32g0xx_hal_msp.c...
compiling stm32g0xx_hal_rcc.c...
compiling system_stm32g0xx.c...
compiling rtx_thread.c...
linking...
Program Size: Code=17400 RO-data=612 RW-data=212 ZI-data=28624  
".\Objects\Blinky.axf" - 0 Error(s), 0 Warning(s).

<h2>Software Packages used:</h2>

Package Vendor: ARM
                http://www.keil.com/pack/ARM.CMSIS.5.9.0.pack
                ARM.CMSIS.5.9.0
                CMSIS (Common Microcontroller Software Interface Standard)
   * Component: VIO Version: 0.1.0
   * Component: RTOS2 Version: 2.1.3
   * Component: CORE Version: 5.6.0
   * Component: Keil RTX5 Variant: Source Version: 5.5.4

Package Vendor: Keil
                https://www.keil.com/pack/Keil.ARM_Compiler.1.7.2.pack
                Keil.ARM_Compiler.1.7.2
                Keil ARM Compiler extensions for ARM Compiler 5 and ARM Compiler 6
   * Component: Event Recorder Variant: DAP Version: 1.5.1

Package Vendor: Keil
                project-path/Keil.FrameworkCubeMX.1.0.0.pack
                Keil.FrameworkCubeMX.1.0.0
                STM32CubeMX generated pack description
   * Component: STM32CubeMX Version: 1.1.0

Package Vendor: Keil
                http://www.keil.com/pack/Keil.STM32G0xx_DFP.1.4.0.pack
                Keil.STM32G0xx_DFP.1.4.0
                STMicroelectronics STM32G0 Series Device Support
   * Component: STM32Cube Framework Version: 1.1.0
   * Component: Common Version: 1.4.2
   * Component: Cortex Version: 1.4.2
   * Component: DMA Version: 1.4.2
   * Component: EXTI Version: 1.4.2
   * Component: GPIO Version: 1.4.2
   * Component: PWR Version: 1.4.2
   * Component: RCC Version: 1.4.2
   * Component: UART Version: 1.4.2
   * Component: Startup Version: 1.4.0

Package Vendor: Keil
                https://github.com/MDK-Packs/Pack/raw/master/STM32G071B-DISCO_BSP/Keil.STM32G071B-DISCO_BSP.1.0.0.pack
                Keil.STM32G071B-DISCO_BSP.1.0.0
                STMicroelectronics STM32G0 Series STM32G071B-DISCO Board Support Pack
   * Component: Basic I/O Version: 1.2.1
   * Component: Board Variant: STM32G071B-DISCO Version: 1.2.0

<h2>Collection of Component include folders:</h2>
  ./RTE/CMSIS
  ./RTE/Compiler
  ./RTE/Device/STM32G071RBTx
  ./RTE/Device/STM32G071RBTx/STCubeGenerated
  ./RTE/Device/STM32G071RBTx/STCubeGenerated/Inc
  ./RTE/_STM32G071B-DISCO
  C:/Users/celeb/AppData/Local/Arm/Packs/ARM/CMSIS/5.9.0/CMSIS/Core/Include
  C:/Users/celeb/AppData/Local/Arm/Packs/ARM/CMSIS/5.9.0/CMSIS/Driver/VIO/Include
  C:/Users/celeb/AppData/Local/Arm/Packs/ARM/CMSIS/5.9.0/CMSIS/RTOS2/Include
  C:/Users/celeb/AppData/Local/Arm/Packs/ARM/CMSIS/5.9.0/CMSIS/RTOS2/RTX/Include
  C:/Users/celeb/AppData/Local/Arm/Packs/Keil/ARM_Compiler/1.7.2/Include
  C:/Users/celeb/AppData/Local/Arm/Packs/Keil/STM32G071B-DISCO_BSP/1.0.0/Drivers/STM32G071B-Discovery
  C:/Users/celeb/AppData/Local/Arm/Packs/Keil/STM32G0xx_DFP/1.4.0/Drivers/CMSIS/Device/ST/STM32G0xx/Include
  C:/Users/celeb/AppData/Local/Arm/Packs/Keil/STM32G0xx_DFP/1.4.0/Drivers/STM32G0xx_HAL_Driver/Inc
  C:/Users/celeb/AppData/Local/Arm/Packs/Keil/STM32G0xx_DFP/1.4.0/Drivers/STM32G0xx_HAL_Driver/Inc/Legacy

<h2>Collection of Component Files used:</h2>

   * Component: ::CMSIS Driver:VIO:0.1.0 (API)
      Include file:  CMSIS/Driver/VIO/Include/cmsis_vio.h

   * Component: ::CMSIS:RTOS2:2.1.3 (API)
      Include file:  CMSIS/RTOS2/Include/cmsis_os2.h

   * Component: ::Device:STM32Cube Framework:1.1.0 (API)

   * Component: ARM::CMSIS:CORE:5.6.0

   * Component: ARM::CMSIS:RTOS2:Keil RTX5:Source:5.5.4
      Source file:   CMSIS/RTOS2/RTX/Template/MemPool.c
      Source file:   CMSIS/RTOS2/RTX/Template/MsgQueue.c
      Source file:   CMSIS/RTOS2/RTX/Template/Events.c
      Source file:   CMSIS/RTOS2/RTX/Template/main.c
      Source file:   CMSIS/RTOS2/RTX/Template/Mutex.c
      Source file:   CMSIS/RTOS2/RTX/Template/Thread.c
      Include file:  CMSIS/RTOS2/RTX/Include/rtx_os.h
      Source file:   CMSIS/RTOS2/RTX/Template/svc_user.c
      Source file:   CMSIS/RTOS2/RTX/Source/rtx_kernel.c
      Include file:  CMSIS/RTOS2/RTX/Config/RTX_Config.h
      Source file:   CMSIS/RTOS2/RTX/Template/Semaphore.c
      Source file:   CMSIS/RTOS2/RTX/Config/RTX_Config.c
      Source file:   CMSIS/RTOS2/RTX/Template/Timer.c
      Source file:   CMSIS/RTOS2/RTX/Source/rtx_evr.c
      Source file:   CMSIS/RTOS2/RTX/Source/rtx_mempool.c
      Source file:   CMSIS/RTOS2/RTX/Source/rtx_msgqueue.c
      Source file:   CMSIS/RTOS2/RTX/Source/GCC/irq_armv6m.S
      Source file:   CMSIS/RTOS2/RTX/Source/rtx_thread.c
      Source file:   CMSIS/RTOS2/RTX/Source/rtx_mutex.c
      Source file:   CMSIS/RTOS2/RTX/Source/rtx_lib.c
      Source file:   CMSIS/RTOS2/RTX/Source/rtx_system.c
      Source file:   CMSIS/RTOS2/RTX/Source/rtx_timer.c
      Source file:   CMSIS/RTOS2/RTX/Source/rtx_memory.c
      Source file:   CMSIS/RTOS2/RTX/Source/rtx_evflags.c
      Source file:   CMSIS/RTOS2/RTX/Source/rtx_delay.c
      Source file:   CMSIS/RTOS2/RTX/Source/rtx_semaphore.c
      Source file:   CMSIS/RTOS2/Source/os_systick.c

   * Component: Keil.ARM Compiler::Compiler:Event Recorder:DAP:1.5.1
      Include file:  Config/EventRecorderConf.h
      Include file:  Include/EventRecorder.h
      Source file:   Source/EventRecorder.c

   * Component: Keil.STM32G071B-DISCO::Board Support:Drivers:Basic I/O:1.2.1
      Include file:  Drivers/STM32G071B-Discovery/stm32g071b_discovery.h
      Source file:   Drivers/STM32G071B-Discovery/stm32g071b_discovery.c

   * Component: Keil::CMSIS Driver:VIO:Board:STM32G071B-DISCO:1.2.0
      Source file:   Drivers/Platform/vio_STM32G071B-DISCO.c

   * Component: Keil::Device:STM32Cube Framework:STM32CubeMX:1.1.0
      Include file:  MX_Device.h
      Include file:  STCubeGenerated/Inc/stm32g0xx_hal_conf.h
      Source file:   STCubeGenerated/Src/stm32g0xx_hal_msp.c

   * Component: Keil::Device:STM32Cube HAL:Common:1.4.2
      Include file:  Drivers/STM32G0xx_HAL_Driver/Inc/stm32g0xx_hal.h
      Source file:   Drivers/STM32G0xx_HAL_Driver/Src/stm32g0xx_hal.c

   * Component: Keil::Device:STM32Cube HAL:Cortex:1.4.2
      Source file:   Drivers/STM32G0xx_HAL_Driver/Src/stm32g0xx_hal_cortex.c

   * Component: Keil::Device:STM32Cube HAL:DMA:1.4.2
      Source file:   Drivers/STM32G0xx_HAL_Driver/Src/stm32g0xx_hal_dma.c
      Source file:   Drivers/STM32G0xx_HAL_Driver/Src/stm32g0xx_hal_dma_ex.c

   * Component: Keil::Device:STM32Cube HAL:EXTI:1.4.2
      Source file:   Drivers/STM32G0xx_HAL_Driver/Src/stm32g0xx_hal_exti.c

   * Component: Keil::Device:STM32Cube HAL:GPIO:1.4.2
      Source file:   Drivers/STM32G0xx_HAL_Driver/Src/stm32g0xx_hal_gpio.c

   * Component: Keil::Device:STM32Cube HAL:PWR:1.4.2
      Source file:   Drivers/STM32G0xx_HAL_Driver/Src/stm32g0xx_hal_pwr_ex.c
      Source file:   Drivers/STM32G0xx_HAL_Driver/Src/stm32g0xx_hal_pwr.c

   * Component: Keil::Device:STM32Cube HAL:RCC:1.4.2
      Source file:   Drivers/STM32G0xx_HAL_Driver/Src/stm32g0xx_hal_rcc.c
      Source file:   Drivers/STM32G0xx_HAL_Driver/Src/stm32g0xx_hal_rcc_ex.c

   * Component: Keil::Device:STM32Cube HAL:UART:1.4.2
      Source file:   Drivers/STM32G0xx_HAL_Driver/Src/stm32g0xx_hal_uart.c
      Source file:   Drivers/STM32G0xx_HAL_Driver/Src/stm32g0xx_hal_uart_ex.c

   * Component: Keil::Device:Startup:1.4.0
      Source file:   Drivers/CMSIS/Device/ST/STM32G0xx/Source/Templates/system_stm32g0xx.c
      Source file:   MDK/Device/Source/ARM/STM32G0x1_DB_OPT.s
      Include file:  Drivers/CMSIS/Device/ST/STM32G0xx/Include/stm32g0xx.h
      Source file:   MDK/Device/Source/ARM/STM32G0x1_SB_OPT.s
      Source file:   Drivers/CMSIS/Device/ST/STM32G0xx/Source/Templates/arm/startup_stm32g071xx.s
Build Time Elapsed:  00:00:02
</pre>
</body>
</html>
