Component: Arm Compiler for Embedded 6.18 Tool: armlink [5e4cc100]

==============================================================================

Section Cross References

    blinky.o(.text.app_initialize) refers to rtx_thread.o(.text.osThreadNew) for osThreadNew
    blinky.o(.text.app_initialize) refers to blinky.o(.text.app_main) for app_main
    blinky.o(.ARM.exidx.text.app_initialize) refers to blinky.o(.text.app_initialize) for [Anonymous Symbol]
    blinky.o(.text.app_main) refers to rtx_thread.o(.text.osThreadNew) for osThreadNew
    blinky.o(.text.app_main) refers to rtx_thread.o(.text.osThreadExit) for osThreadExit
    blinky.o(.text.app_main) refers to blinky.o(.text.thrLED) for thrLED
    blinky.o(.text.app_main) refers to blinky.o(.bss.tid_thrLED) for [Anonymous Symbol]
    blinky.o(.text.app_main) refers to blinky.o(.text.thrButton) for thrButton
    blinky.o(.text.app_main) refers to blinky.o(.bss.tid_thrButton) for [Anonymous Symbol]
    blinky.o(.ARM.exidx.text.app_main) refers to blinky.o(.text.app_main) for [Anonymous Symbol]
    blinky.o(.text.thrLED) refers to vio_stm32g071b-disco.o(.text.vioSetSignal) for vioSetSignal
    blinky.o(.text.thrLED) refers to rtx_delay.o(.text.osDelay) for osDelay
    blinky.o(.text.thrLED) refers to rtx_thread.o(.text.osThreadFlagsWait) for osThreadFlagsWait
    blinky.o(.ARM.exidx.text.thrLED) refers to blinky.o(.text.thrLED) for [Anonymous Symbol]
    blinky.o(.text.thrButton) refers to rtx_delay.o(.text.osDelay) for osDelay
    blinky.o(.text.thrButton) refers to vio_stm32g071b-disco.o(.text.vioGetSignal) for vioGetSignal
    blinky.o(.text.thrButton) refers to rtx_thread.o(.text.osThreadFlagsSet) for osThreadFlagsSet
    blinky.o(.text.thrButton) refers to blinky.o(.bss.tid_thrLED) for [Anonymous Symbol]
    blinky.o(.ARM.exidx.text.thrButton) refers to blinky.o(.text.thrButton) for [Anonymous Symbol]
    main.o(.text.HAL_GetTick) refers to rtx_kernel.o(.text.osKernelGetState) for osKernelGetState
    main.o(.text.HAL_GetTick) refers to rtx_kernel.o(.text.osKernelGetTickCount) for osKernelGetTickCount
    main.o(.text.HAL_GetTick) refers to system_stm32g0xx.o(.data.SystemCoreClock) for SystemCoreClock
    main.o(.text.HAL_GetTick) refers to main.o(.bss.HAL_GetTick.ticks) for [Anonymous Symbol]
    main.o(.ARM.exidx.text.HAL_GetTick) refers to main.o(.text.HAL_GetTick) for [Anonymous Symbol]
    main.o(.text.main) refers to stm32g0xx_hal.o(.text.HAL_Init) for HAL_Init
    main.o(.text.main) refers to rt_memclr.o(.text) for __aeabi_memclr4
    main.o(.text.main) refers to stm32g0xx_hal_pwr_ex.o(.text.HAL_PWREx_ControlVoltageScaling) for HAL_PWREx_ControlVoltageScaling
    main.o(.text.main) refers to stm32g0xx_hal_rcc.o(.text.HAL_RCC_OscConfig) for HAL_RCC_OscConfig
    main.o(.text.main) refers to stm32g0xx_hal_rcc.o(.text.HAL_RCC_ClockConfig) for HAL_RCC_ClockConfig
    main.o(.text.main) refers to system_stm32g0xx.o(.text.SystemCoreClockUpdate) for SystemCoreClockUpdate
    main.o(.text.main) refers to vio_stm32g071b-disco.o(.text.vioInit) for vioInit
    main.o(.text.main) refers to rtx_kernel.o(.text.osKernelInitialize) for osKernelInitialize
    main.o(.text.main) refers to blinky.o(.text.app_initialize) for app_initialize
    main.o(.text.main) refers to rtx_kernel.o(.text.osKernelStart) for osKernelStart
    main.o(.text.main) refers to stm32g0xx_hal_gpio.o(.text.HAL_GPIO_WritePin) for HAL_GPIO_WritePin
    main.o(.text.main) refers to stm32g0xx_hal.o(.text.HAL_Delay) for HAL_Delay
    main.o(.ARM.exidx.text.main) refers to main.o(.text.main) for [Anonymous Symbol]
    main.o(.text.SystemClock_Config) refers to rt_memclr.o(.text) for __aeabi_memclr4
    main.o(.text.SystemClock_Config) refers to stm32g0xx_hal_pwr_ex.o(.text.HAL_PWREx_ControlVoltageScaling) for HAL_PWREx_ControlVoltageScaling
    main.o(.text.SystemClock_Config) refers to stm32g0xx_hal_rcc.o(.text.HAL_RCC_OscConfig) for HAL_RCC_OscConfig
    main.o(.text.SystemClock_Config) refers to stm32g0xx_hal_rcc.o(.text.HAL_RCC_ClockConfig) for HAL_RCC_ClockConfig
    main.o(.ARM.exidx.text.SystemClock_Config) refers to main.o(.text.SystemClock_Config) for [Anonymous Symbol]
    main.o(.ARM.exidx.text.Error_Handler) refers to main.o(.text.Error_Handler) for [Anonymous Symbol]
    stm32g0xx_it.o(.ARM.exidx.text.NMI_Handler) refers to stm32g0xx_it.o(.text.NMI_Handler) for [Anonymous Symbol]
    stm32g0xx_it.o(.ARM.exidx.text.HardFault_Handler) refers to stm32g0xx_it.o(.text.HardFault_Handler) for [Anonymous Symbol]
    stm32g071b_discovery.o(.ARM.exidx.text.BSP_GetVersion) refers to stm32g071b_discovery.o(.text.BSP_GetVersion) for [Anonymous Symbol]
    stm32g071b_discovery.o(.text.BSP_LED_Init) refers to stm32g0xx_hal_gpio.o(.text.HAL_GPIO_Init) for HAL_GPIO_Init
    stm32g071b_discovery.o(.text.BSP_LED_Init) refers to stm32g0xx_hal_gpio.o(.text.HAL_GPIO_WritePin) for HAL_GPIO_WritePin
[...]
    [Anonymous Symbol]                       0x08002ba8   Section        0  rtx_thread.o(.text.osRtxThreadStartup)
    __arm_cp.12_0                            0x08002be8   Number         4  rtx_thread.o(.text.osRtxThreadStartup)
    __arm_cp.12_1                            0x08002bec   Number         4  rtx_thread.o(.text.osRtxThreadStartup)
    [Anonymous Symbol]                       0x08002bf0   Section        0  rtx_thread.o(.text.osRtxThreadSwitch)
    __arm_cp.7_0                             0x08002c00   Number         4  rtx_thread.o(.text.osRtxThreadSwitch)
    [Anonymous Symbol]                       0x08002c04   Section        0  rtx_thread.o(.text.osRtxThreadWaitEnter)
    [Anonymous Symbol]                       0x08002cd4   Section        0  rtx_thread.o(.text.osRtxThreadWaitExit)
    __arm_cp.9_0                             0x08002d5c   Number         4  rtx_thread.o(.text.osRtxThreadWaitExit)
    [Anonymous Symbol]                       0x08002d60   Section        0  rtx_system.o(.text.osRtxTick_Handler)
    [Anonymous Symbol]                       0x08002de0   Section        0  rtx_timer.o(.text.osRtxTimerSetup)
    __arm_cp.0_1                             0x08002dfc   Number         4  rtx_timer.o(.text.osRtxTimerSetup)
    [Anonymous Symbol]                       0x08002e00   Section        0  rtx_timer.o(.text.osRtxTimerThread)
    osRtxTimerTick                           0x08002e25   Thumb Code   196  rtx_timer.o(.text.osRtxTimerTick)
    [Anonymous Symbol]                       0x08002e24   Section        0  rtx_timer.o(.text.osRtxTimerTick)
    __arm_cp.1_0                             0x08002ee8   Number         4  rtx_timer.o(.text.osRtxTimerTick)
    [Anonymous Symbol]                       0x08002eec   Section        0  rtx_thread.o(.text.osThreadExit)
    __arm_cp.28_0                            0x08002f00   Number         4  rtx_thread.o(.text.osThreadExit)
    [Anonymous Symbol]                       0x08002f04   Section        0  rtx_thread.o(.text.osThreadFlagsSet)
    __arm_cp.32_0                            0x08002f84   Number         4  rtx_thread.o(.text.osThreadFlagsSet)
    [Anonymous Symbol]                       0x08002f88   Section        0  rtx_thread.o(.text.osThreadFlagsWait)
    __arm_cp.35_0                            0x08002fc8   Number         4  rtx_thread.o(.text.osThreadFlagsWait)
    [Anonymous Symbol]                       0x08002fcc   Section        0  rtx_thread.o(.text.osThreadNew)
    __arm_cp.14_0                            0x0800300c   Number         4  rtx_thread.o(.text.osThreadNew)
    svcRtxDelay                              0x08003011   Thumb Code    52  rtx_delay.o(.text.svcRtxDelay)
    [Anonymous Symbol]                       0x08003010   Section        0  rtx_delay.o(.text.svcRtxDelay)
    svcRtxKernelGetState                     0x08003045   Thumb Code     8  rtx_kernel.o(.text.svcRtxKernelGetState)
    [Anonymous Symbol]                       0x08003044   Section        0  rtx_kernel.o(.text.svcRtxKernelGetState)
    __arm_cp.6_0                             0x0800304c   Number         4  rtx_kernel.o(.text.svcRtxKernelGetState)
    svcRtxKernelGetSysTimerCount             0x08003051   Thumb Code    40  rtx_kernel.o(.text.svcRtxKernelGetSysTimerCount)
    [Anonymous Symbol]                       0x08003050   Section        0  rtx_kernel.o(.text.svcRtxKernelGetSysTimerCount)
    svcRtxKernelGetTickCount                 0x08003079   Thumb Code    16  rtx_kernel.o(.text.svcRtxKernelGetTickCount)
    [Anonymous Symbol]                       0x08003078   Section        0  rtx_kernel.o(.text.svcRtxKernelGetTickCount)
    __arm_cp.14_0                            0x08003088   Number         4  rtx_kernel.o(.text.svcRtxKernelGetTickCount)
    svcRtxKernelInitialize                   0x0800308d   Thumb Code   328  rtx_kernel.o(.text.svcRtxKernelInitialize)
    [Anonymous Symbol]                       0x0800308c   Section        0  rtx_kernel.o(.text.svcRtxKernelInitialize)
    __arm_cp.21_0                            0x080031d4   Number         4  rtx_kernel.o(.text.svcRtxKernelInitialize)
    svcRtxKernelStart                        0x080031d9   Thumb Code   140  rtx_kernel.o(.text.svcRtxKernelStart)
    [Anonymous Symbol]                       0x080031d8   Section        0  rtx_kernel.o(.text.svcRtxKernelStart)
    __arm_cp.22_1                            0x08003264   Number         4  rtx_kernel.o(.text.svcRtxKernelStart)
    __arm_cp.22_2                            0x08003268   Number         4  rtx_kernel.o(.text.svcRtxKernelStart)
    __arm_cp.22_3                            0x0800326c   Number         4  rtx_kernel.o(.text.svcRtxKernelStart)
    svcRtxMessageQueueGet                    0x08003271   Thumb Code   432  rtx_msgqueue.o(.text.svcRtxMessageQueueGet)
    [Anonymous Symbol]                       0x08003270   Section        0  rtx_msgqueue.o(.text.svcRtxMessageQueueGet)
    __arm_cp.19_0                            0x08003420   Number         4  rtx_msgqueue.o(.text.svcRtxMessageQueueGet)
    svcRtxMessageQueueNew                    0x08003425   Thumb Code   536  rtx_msgqueue.o(.text.svcRtxMessageQueueNew)
    [Anonymous Symbol]                       0x08003424   Section        0  rtx_msgqueue.o(.text.svcRtxMessageQueueNew)
    __arm_cp.1_0                             0x0800363c   Number         4  rtx_msgqueue.o(.text.svcRtxMessageQueueNew)
    __arm_cp.1_1                             0x08003640   Number         4  rtx_msgqueue.o(.text.svcRtxMessageQueueNew)
    __arm_cp.1_2                             0x08003644   Number         4  rtx_msgqueue.o(.text.svcRtxMessageQueueNew)
    __arm_cp.1_3                             0x08003648   Number         4  rtx_msgqueue.o(.text.svcRtxMessageQueueNew)
    __arm_cp.1_5                             0x0800364c   Number         4  rtx_msgqueue.o(.text.svcRtxMessageQueueNew)
    svcRtxMessageQueuePut                    0x08003651   Thumb Code   324  rtx_msgqueue.o(.text.svcRtxMessageQueuePut)
    [Anonymous Symbol]                       0x08003650   Section        0  rtx_msgqueue.o(.text.svcRtxMessageQueuePut)
    __arm_cp.18_0                            0x08003794   Number         4  rtx_msgqueue.o(.text.svcRtxMessageQueuePut)
    svcRtxMutexAcquire                       0x08003799   Thumb Code   232  rtx_mutex.o(.text.svcRtxMutexAcquire)
    [Anonymous Symbol]                       0x08003798   Section        0  rtx_mutex.o(.text.svcRtxMutexAcquire)
    __arm_cp.10_0                            0x08003880   Number         4  rtx_mutex.o(.text.svcRtxMutexAcquire)
    svcRtxMutexDelete                        0x08003885   Thumb Code   204  rtx_mutex.o(.text.svcRtxMutexDelete)
    [Anonymous Symbol]                       0x08003884   Section        0  rtx_mutex.o(.text.svcRtxMutexDelete)
    __arm_cp.13_0                            0x08003950   Number         4  rtx_mutex.o(.text.svcRtxMutexDelete)
    svcRtxMutexNew                           0x08003955   Thumb Code   156  rtx_mutex.o(.text.svcRtxMutexNew)
    [Anonymous Symbol]                       0x08003954   Section        0  rtx_mutex.o(.text.svcRtxMutexNew)
    __arm_cp.8_0                             0x080039f0   Number         4  rtx_mutex.o(.text.svcRtxMutexNew)
    svcRtxMutexRelease                       0x080039f5   Thumb Code   252  rtx_mutex.o(.text.svcRtxMutexRelease)
    [Anonymous Symbol]                       0x080039f4   Section        0  rtx_mutex.o(.text.svcRtxMutexRelease)
    __arm_cp.11_0                            0x08003af0   Number         4  rtx_mutex.o(.text.svcRtxMutexRelease)
    svcRtxThreadExit                         0x08003af5   Thumb Code   160  rtx_thread.o(.text.svcRtxThreadExit)
    [Anonymous Symbol]                       0x08003af4   Section        0  rtx_thread.o(.text.svcRtxThreadExit)
    __arm_cp.49_0                            0x08003b94   Number         4  rtx_thread.o(.text.svcRtxThreadExit)
    __arm_cp.49_1                            0x08003b98   Number         4  rtx_thread.o(.text.svcRtxThreadExit)
    svcRtxThreadFlagsSet                     0x08003b9d   Thumb Code   316  rtx_thread.o(.text.svcRtxThreadFlagsSet)
    [Anonymous Symbol]                       0x08003b9c   Section        0  rtx_thread.o(.text.svcRtxThreadFlagsSet)
    __arm_cp.53_0                            0x08003cd8   Number         4  rtx_thread.o(.text.svcRtxThreadFlagsSet)
    svcRtxThreadFlagsWait                    0x08003cdd   Thumb Code   232  rtx_thread.o(.text.svcRtxThreadFlagsWait)
    [Anonymous Symbol]                       0x08003cdc   Section        0  rtx_thread.o(.text.svcRtxThreadFlagsWait)
    __arm_cp.56_0                            0x08003dc4   Number         4  rtx_thread.o(.text.svcRtxThreadFlagsWait)
    svcRtxThreadNew                          0x08003dc9   Thumb Code   628  rtx_thread.o(.text.svcRtxThreadNew)
    [Anonymous Symbol]                       0x08003dc8   Section        0  rtx_thread.o(.text.svcRtxThreadNew)
    __arm_cp.13_0                            0x0800403c   Number         4  rtx_thread.o(.text.svcRtxThreadNew)
    __arm_cp.13_1                            0x08004040   Number         4  rtx_thread.o(.text.svcRtxThreadNew)
    __arm_cp.13_2                            0x08004044   Number         4  rtx_thread.o(.text.svcRtxThreadNew)
    __arm_cp.13_3                            0x08004048   Number         4  rtx_thread.o(.text.svcRtxThreadNew)
    __arm_cp.13_4                            0x0800404c   Number         4  rtx_thread.o(.text.svcRtxThreadNew)
    __arm_cp.13_5                            0x08004050   Number         4  rtx_thread.o(.text.svcRtxThreadNew)
    thrButton                                0x08004055   Thumb Code    40  blinky.o(.text.thrButton)
    [Anonymous Symbol]                       0x08004054   Section        0  blinky.o(.text.thrButton)
    __arm_cp.3_0                             0x0800407c   Number         4  blinky.o(.text.thrButton)
    thrLED                                   0x08004081   Thumb Code   110  blinky.o(.text.thrLED)
    [Anonymous Symbol]                       0x08004080   Section        0  blinky.o(.text.thrLED)
    [Anonymous Symbol]                       0x080040f0   Section        0  vio_stm32g071b-disco.o(.text.vioGetSignal)
    [Anonymous Symbol]                       0x080041b8   Section        0  vio_stm32g071b-disco.o(.text.vioInit)
    __arm_cp.0_1                             0x08004218   Number         4  vio_stm32g071b-disco.o(.text.vioInit)
    __arm_cp.0_2                             0x0800421c   Number         4  vio_stm32g071b-disco.o(.text.vioInit)
    __arm_cp.0_3                             0x08004220   Number         4  vio_stm32g071b-disco.o(.text.vioInit)
    __arm_cp.0_4                             0x08004224   Number         4  vio_stm32g071b-disco.o(.text.vioInit)
    __arm_cp.0_5                             0x08004228   Number         4  vio_stm32g071b-disco.o(.text.vioInit)
    __arm_cp.0_6                             0x0800422c   Number         4  vio_stm32g071b-disco.o(.text.vioInit)
    [Anonymous Symbol]                       0x08004230   Section        0  vio_stm32g071b-disco.o(.text.vioSetSignal)
    __arm_cp.2_0                             0x080042b8   Number         4  vio_stm32g071b-disco.o(.text.vioSetSignal)
    .text_divfast                            0x080042bc   Section      502  aeabi_sdivfast.o(.text_divfast)
    __tagsym$$used.4                         0x080044b4   Number         0  rtx_lib.o(.rodata)
    __tagsym$$used.5                         0x08004524   Number         0  rtx_lib.o(.rodata)
    __tagsym$$used.0                         0x0800459c   Number         0  eventrecorder.o(.rodata.EventRecorderInfo)
    os_idle_thread_attr                      0x080045d0   Data          36  rtx_lib.o(.rodata.os_idle_thread_attr)
    [Anonymous Symbol]                       0x080045d0   Section        0  rtx_lib.o(.rodata.os_idle_thread_attr)
    os_timer_mq_attr                         0x080045f4   Data          24  rtx_lib.o(.rodata.os_timer_mq_attr)
    [Anonymous Symbol]                       0x080045f4   Section        0  rtx_lib.o(.rodata.os_timer_mq_attr)
    os_timer_thread_attr                     0x0800460c   Data          36  rtx_lib.o(.rodata.os_timer_thread_attr)
    [Anonymous Symbol]                       0x0800460c   Section        0  rtx_lib.o(.rodata.os_timer_thread_attr)
    [Anonymous Symbol]                       0x08004630   Section        0  rtx_kernel.o(.rodata.str1.4)
    .bss                                     0x200000d8   Section       96  libspace.o(.bss)
    HAL_GetTick.ticks                        0x20000138   Data           4  main.o(.bss.HAL_GetTick.ticks)
    [Anonymous Symbol]                       0x20000138   Section        0  main.o(.bss.HAL_GetTick.ticks)
    os_isr_queue                             0x20000140   Data          64  rtx_lib.o(.bss.os)
    [Anonymous Symbol]                       0x20000140   Section        0  rtx_lib.o(.bss.os)
    os_mem                                   0x20000180   Data       24000  rtx_lib.o(.bss.os)
    PendST                                   0x20005f40   Data           1  os_systick.o(.bss.os)
    [Anonymous Symbol]                       0x20005f40   Section        0  os_systick.o(.bss.os)
    os_timer_mq_cb                           0x20005f44   Data          52  rtx_lib.o(.bss.os.msgqueue.cb)
    [Anonymous Symbol]                       0x20005f44   Section        0  rtx_lib.o(.bss.os.msgqueue.cb)
    os_timer_mq_data                         0x20005f78   Data          80  rtx_lib.o(.bss.os.msgqueue.mem)
    [Anonymous Symbol]                       0x20005f78   Section        0  rtx_lib.o(.bss.os.msgqueue.mem)
    os_idle_thread_cb                        0x20005fc8   Data          68  rtx_lib.o(.bss.os.thread.cb)
    [Anonymous Symbol]                       0x20005fc8   Section        0  rtx_lib.o(.bss.os.thread.cb)
    os_timer_thread_cb                       0x2000600c   Data          68  rtx_lib.o(.bss.os.thread.cb)
    os_idle_thread_stack                     0x20006050   Data         512  rtx_lib.o(.bss.os.thread.idle.stack)
    [Anonymous Symbol]                       0x20006050   Section        0  rtx_lib.o(.bss.os.thread.idle.stack)
    os_timer_thread_stack                    0x20006250   Data         512  rtx_lib.o(.bss.os.thread.timer.stack)
    [Anonymous Symbol]                       0x20006250   Section        0  rtx_lib.o(.bss.os.thread.timer.stack)
    os_kernel_is_active.os_kernel_active     0x20006450   Data           1  rtx_lib.o(.bss.os_kernel_is_active.os_kernel_active)
    [Anonymous Symbol]                       0x20006450   Section        0  rtx_lib.o(.bss.os_kernel_is_active.os_kernel_active)
    tid_thrButton                            0x20006454   Data           4  blinky.o(.bss.tid_thrButton)
    [Anonymous Symbol]                       0x20006454   Section        0  blinky.o(.bss.tid_thrButton)
    tid_thrLED                               0x20006458   Data           4  blinky.o(.bss.tid_thrLED)
    [Anonymous Symbol]                       0x20006458   Section        0  blinky.o(.bss.tid_thrLED)
    __tagsym$$used.5                         0x20006460   Number         0  vio_stm32g071b-disco.o(.bss.vioAddrIPv4)
    __tagsym$$used.6                         0x20006468   Number         0  vio_stm32g071b-disco.o(.bss.vioAddrIPv6)
    __tagsym$$used.2                         0x20006488   Number         0  vio_stm32g071b-disco.o(.bss.vioPrintMem)
    __tagsym$$used.0                         0x20006588   Number         0  vio_stm32g071b-disco.o(.bss.vioSignalIn)
    __tagsym$$used.1                         0x2000658c   Number         0  vio_stm32g071b-disco.o(.bss.vioSignalOut)
    __tagsym$$used.3                         0x20006590   Number         0  vio_stm32g071b-disco.o(.bss.vioValue)
    __tagsym$$used.4                         0x2000659c   Number         0  vio_stm32g071b-disco.o(.bss.vioValueXYZ)
    Heap_Mem                                 0x200065c0   Data         512  startup_stm32g071xx.o(HEAP)
    HEAP                                     0x200065c0   Section      512  startup_stm32g071xx.o(HEAP)
    Stack_Mem                                0x200067c0   Data        1024  startup_stm32g071xx.o(STACK)
    STACK                                    0x200067c0   Section     1024  startup_stm32g071xx.o(STACK)
    __initial_sp                             0x20006bc0   Data           0  startup_stm32g071xx.o(STACK)
    SysTimerState                            0x20008800   Data           1  eventrecorder.o(.bss.SysTimerState)
    [Anonymous Symbol]                       0x20008800   Section        0  eventrecorder.o(.bss.SysTimerState)
    TS_OverflowLock                          0x20008801   Data           1  eventrecorder.o(.bss.TS_OverflowLock)
    [Anonymous Symbol]                       0x20008801   Section        0  eventrecorder.o(.bss.TS_OverflowLock)
    EventBuffer                              0x20008840   Data        1024  eventrecorder.o(.bss.noinit)
    [Anonymous Symbol]                       0x20008840   Section        0  eventrecorder.o(.bss.noinit)
    EventFilter                              0x20008c40   Data         128  eventrecorder.o(.bss.noinit)
    EventStatus                              0x20008cc0   Data          36  eventrecorder.o(.bss.noinit)

    Global Symbols

    Symbol Name                              Value     Ov Type        Size  Object(Section)

    BuildAttributes$$THM_ISAv3M$S$PE$A:L22$X:L11$S22$IEEE1$IW$~IW$USESV6$~STKCKD$USESV7$~SHL$OTIME$ROPI$IEEEJ$EBA8$UX$STANDARDLIB$REQ8$PRES8$EABIv2 0x00000000   Number         0  anon$$obj.o ABSOLUTE
    _printf_flags                            0x00000000   Number         0  printf_stubs.o ABSOLUTE
    _printf_return_value                     0x00000000   Number         0  printf_stubs.o ABSOLUTE
    _printf_sizespec                         0x00000000   Number         0  printf_stubs.o ABSOLUTE
    _printf_widthprec                        0x00000000   Number         0  printf_stubs.o ABSOLUTE
    .bss.os.evflags.cb$$Base                  - Undefined Weak Reference
    .bss.os.evflags.cb$$Limit                 - Undefined Weak Reference
    .bss.os.mempool.cb$$Base                  - Undefined Weak Reference
    .bss.os.mempool.cb$$Limit                 - Undefined Weak Reference
    .bss.os.mutex.cb$$Base                    - Undefined Weak Reference
    .bss.os.mutex.cb$$Limit                   - Undefined Weak Reference
    .bss.os.semaphore.cb$$Base                - Undefined Weak Reference
    .bss.os.semaphore.cb$$Limit               - Undefined Weak Reference
    .bss.os.timer.cb$$Base                    - Undefined Weak Reference
    .bss.os.timer.cb$$Limit                   - Undefined Weak Reference
    __ARM_exceptions_init                     - Undefined Weak Reference
    __alloca_initialize                       - Undefined Weak Reference
    __arm_preinit_                            - Undefined Weak Reference
    __arm_relocate_pie_                       - Undefined Weak Reference
    __cpp_initialize__aeabi_                  - Undefined Weak Reference
    __cxa_finalize                            - Undefined Weak Reference
    __sigvec_lookup                           - Undefined Weak Reference
    _atexit_init                              - Undefined Weak Reference
    _call_atexit_fns                          - Undefined Weak Reference
    _clock_init                               - Undefined Weak Reference
    _fp_trap_init                             - Undefined Weak Reference
    _fp_trap_shutdown                         - Undefined Weak Reference
    _get_lc_collate                           - Undefined Weak Reference
    _get_lc_monetary                          - Undefined Weak Reference
    _get_lc_time                              - Undefined Weak Reference
    _getenv_init                              - Undefined Weak Reference
    _handle_redirection                       - Undefined Weak Reference
    _init_alloc                               - Undefined Weak Reference
    _init_user_alloc                          - Undefined Weak Reference
    _initio                                   - Undefined Weak Reference
    _printf_mbtowc                            - Undefined Weak Reference
    _printf_wc                                - Undefined Weak Reference
    _rand_init                                - Undefined Weak Reference
    _signal_finish                            - Undefined Weak Reference
    _signal_init                              - Undefined Weak Reference
    _terminate_alloc                          - Undefined Weak Reference
    _terminate_user_alloc                     - Undefined Weak Reference
    _terminateio                              - Undefined Weak Reference
    __Vectors_Size                           0x000000bc   Number         0  startup_stm32g071xx.o ABSOLUTE
    __Vectors                                0x08000000   Data           4  startup_stm32g071xx.o(RESET)
    __Vectors_End                            0x080000bc   Data           0  startup_stm32g071xx.o(RESET)
    __main                                   0x080000bd   Thumb Code     8  __main.o(!!!main)
    __scatterload                            0x080000c5   Thumb Code     0  __scatter.o(!!!scatter)
    __scatterload_rt2                        0x080000c5   Thumb Code    52  __scatter.o(!!!scatter)
    __scatterload_rt2_thumb_only             0x080000c5   Thumb Code     0  __scatter.o(!!!scatter)
    __scatterload_null                       0x080000d5   Thumb Code     0  __scatter.o(!!!scatter)
    __scatterload_copy                       0x08000101   Thumb Code    26  __scatter_copy.o(!!handler_copy)
    __scatterload_zeroinit                   0x0800011d   Thumb Code    28  __scatter_zi.o(!!handler_zi)
    __rt_lib_init                            0x08000139   Thumb Code     0  libinit.o(.ARM.Collect$$libinit$$00000000)
    __rt_lib_init_alloca_1                   0x0800013b   Thumb Code     0  libinit2.o(.ARM.Collect$$libinit$$00000030)
    __rt_lib_init_argv_1                     0x0800013b   Thumb Code     0  libinit2.o(.ARM.Collect$$libinit$$0000002E)
    __rt_lib_init_atexit_1                   0x0800013b   Thumb Code     0  libinit2.o(.ARM.Collect$$libinit$$0000001D)
    __rt_lib_init_clock_1                    0x0800013b   Thumb Code     0  libinit2.o(.ARM.Collect$$libinit$$00000023)
    __rt_lib_init_cpp_1                      0x0800013b   Thumb Code     0  libinit2.o(.ARM.Collect$$libinit$$00000034)
    __rt_lib_init_exceptions_1               0x0800013b   Thumb Code     0  libinit2.o(.ARM.Collect$$libinit$$00000032)
    __rt_lib_init_fp_1                       0x0800013b   Thumb Code     0  libinit2.o(.ARM.Collect$$libinit$$00000002)
    __rt_lib_init_fp_trap_1                  0x0800013b   Thumb Code     0  libinit2.o(.ARM.Collect$$libinit$$00000021)
    __rt_lib_init_getenv_1                   0x0800013b   Thumb Code     0  libinit2.o(.ARM.Collect$$libinit$$00000025)
    __rt_lib_init_heap_1                     0x0800013b   Thumb Code     0  libinit2.o(.ARM.Collect$$libinit$$0000000C)
    __rt_lib_init_lc_collate_1               0x0800013b   Thumb Code     0  libinit2.o(.ARM.Collect$$libinit$$00000013)
    __rt_lib_init_lc_ctype_1                 0x0800013b   Thumb Code     0  libinit2.o(.ARM.Collect$$libinit$$00000015)
    __rt_lib_init_lc_monetary_1              0x0800013b   Thumb Code     0  libinit2.o(.ARM.Collect$$libinit$$00000017)
    __rt_lib_init_lc_numeric_1               0x0800013b   Thumb Code     0  libinit2.o(.ARM.Collect$$libinit$$00000019)
    __rt_lib_init_lc_time_1                  0x0800013b   Thumb Code     0  libinit2.o(.ARM.Collect$$libinit$$0000001B)
    __rt_lib_init_preinit_1                  0x0800013b   Thumb Code     0  libinit2.o(.ARM.Collect$$libinit$$00000006)
    __rt_lib_init_rand_1                     0x0800013b   Thumb Code     0  libinit2.o(.ARM.Collect$$libinit$$00000010)
    __rt_lib_init_relocate_pie_1             0x0800013b   Thumb Code     0  libinit2.o(.ARM.Collect$$libinit$$00000004)
    __rt_lib_init_return                     0x0800013b   Thumb Code     0  libinit2.o(.ARM.Collect$$libinit$$00000035)
    __rt_lib_init_signal_1                   0x0800013b   Thumb Code     0  libinit2.o(.ARM.Collect$$libinit$$0000001F)
    __rt_lib_init_stdio_1                    0x0800013b   Thumb Code     0  libinit2.o(.ARM.Collect$$libinit$$00000027)
    __rt_lib_init_user_alloc_1               0x0800013b   Thumb Code     0  libinit2.o(.ARM.Collect$$libinit$$0000000E)
    __rt_lib_shutdown                        0x0800013d   Thumb Code     0  libshutdown.o(.ARM.Collect$$libshutdown$$00000000)
    __rt_lib_shutdown_cpp_1                  0x0800013f   Thumb Code     0  libshutdown2.o(.ARM.Collect$$libshutdown$$00000002)
    __rt_lib_shutdown_fp_trap_1              0x0800013f   Thumb Code     0  libshutdown2.o(.ARM.Collect$$libshutdown$$00000007)
    __rt_lib_shutdown_heap_1                 0x0800013f   Thumb Code     0  libshutdown2.o(.ARM.Collect$$libshutdown$$0000000F)
    __rt_lib_shutdown_return                 0x0800013f   Thumb Code     0  libshutdown2.o(.ARM.Collect$$libshutdown$$00000010)
    __rt_lib_shutdown_signal_1               0x0800013f   Thumb Code     0  libshutdown2.o(.ARM.Collect$$libshutdown$$0000000A)
    __rt_lib_shutdown_stdio_1                0x0800013f   Thumb Code     0  libshutdown2.o(.ARM.Collect$$libshutdown$$00000004)
    __rt_lib_shutdown_user_alloc_1           0x0800013f   Thumb Code     0  libshutdown2.o(.ARM.Collect$$libshutdown$$0000000C)
    __rt_entry                               0x08000141   Thumb Code     0  __rtentry.o(.ARM.Collect$$rtentry$$00000000)
    __rt_entry_presh_1                       0x08000141   Thumb Code     0  __rtentry2.o(.ARM.Collect$$rtentry$$00000002)
    __rt_entry_sh                            0x08000141   Thumb Code     0  __rtentry4.o(.ARM.Collect$$rtentry$$00000004)
    __rt_entry_postsh_1                      0x08000147   Thumb Code     0  __rtentry2.o(.ARM.Collect$$rtentry$$00000008)
    __rt_entry_li                            0x0800014f   Thumb Code     0  __rtentry2.o(.ARM.Collect$$rtentry$$0000000A)
    __rt_entry_main                          0x08000153   Thumb Code     0  __rtentry2.o(.ARM.Collect$$rtentry$$0000000D)
    __rt_entry_postli_1                      0x08000153   Thumb Code     0  __rtentry2.o(.ARM.Collect$$rtentry$$0000000C)
    __rt_exit                                0x0800015b   Thumb Code     0  rtexit.o(.ARM.Collect$$rtexit$$00000000)
    __rt_exit_ls                             0x0800015d   Thumb Code     0  rtexit2.o(.ARM.Collect$$rtexit$$00000003)
    __rt_exit_prels_1                        0x0800015d   Thumb Code     0  rtexit2.o(.ARM.Collect$$rtexit$$00000002)
    __rt_exit_exit                           0x08000161   Thumb Code     0  rtexit2.o(.ARM.Collect$$rtexit$$00000004)
    __aeabi_memcpy4                          0x08000169   Thumb Code    56  rt_memcpy.o(.emb_text)
    __aeabi_memcpy8                          0x08000169   Thumb Code     0  rt_memcpy.o(.emb_text)
    SVC_Handler                              0x080001a1   Thumb Code   162  irq_armv6m.o(.text)
    PendSV_Handler                           0x08000243   Thumb Code    12  irq_armv6m.o(.text)
    SysTick_Handler                          0x0800024f   Thumb Code    12  irq_armv6m.o(.text)
    Reset_Handler                            0x08000269   Thumb Code     8  startup_stm32g071xx.o(.text)
    ADC1_COMP_IRQHandler                     0x0800027b   Thumb Code     0  startup_stm32g071xx.o(.text)
    CEC_IRQHandler                           0x0800027b   Thumb Code     0  startup_stm32g071xx.o(.text)
    DMA1_Ch4_7_DMAMUX1_OVR_IRQHandler        0x0800027b   Thumb Code     0  startup_stm32g071xx.o(.text)
    DMA1_Channel1_IRQHandler                 0x0800027b   Thumb Code     0  startup_stm32g071xx.o(.text)
    DMA1_Channel2_3_IRQHandler               0x0800027b   Thumb Code     0  startup_stm32g071xx.o(.text)
    EXTI0_1_IRQHandler                       0x0800027b   Thumb Code     0  startup_stm32g071xx.o(.text)
    EXTI2_3_IRQHandler                       0x0800027b   Thumb Code     0  startup_stm32g071xx.o(.text)
    EXTI4_15_IRQHandler                      0x0800027b   Thumb Code     0  startup_stm32g071xx.o(.text)
    FLASH_IRQHandler                         0x0800027b   Thumb Code     0  startup_stm32g071xx.o(.text)
    I2C1_IRQHandler                          0x0800027b   Thumb Code     0  startup_stm32g071xx.o(.text)
    I2C2_IRQHandler                          0x0800027b   Thumb Code     0  startup_stm32g071xx.o(.text)
    PVD_IRQHandler                           0x0800027b   Thumb Code     0  startup_stm32g071xx.o(.text)
    RCC_IRQHandler                           0x0800027b   Thumb Code     0  startup_stm32g071xx.o(.text)
    RTC_TAMP_IRQHandler                      0x0800027b   Thumb Code     0  startup_stm32g071xx.o(.text)
    SPI1_IRQHandler                          0x0800027b   Thumb Code     0  startup_stm32g071xx.o(.text)
    SPI2_IRQHandler                          0x0800027b   Thumb Code     0  startup_stm32g071xx.o(.text)
    TIM14_IRQHandler                         0x0800027b   Thumb Code     0  startup_stm32g071xx.o(.text)
    TIM15_IRQHandler                         0x0800027b   Thumb Code     0  startup_stm32g071xx.o(.text)
    TIM16_IRQHandler                         0x0800027b   Thumb Code     0  startup_stm32g071xx.o(.text)
    TIM17_IRQHandler                         0x0800027b   Thumb Code     0  startup_stm32g071xx.o(.text)
    TIM1_BRK_UP_TRG_COM_IRQHandler           0x0800027b   Thumb Code     0  startup_stm32g071xx.o(.text)
    TIM1_CC_IRQHandler                       0x0800027b   Thumb Code     0  startup_stm32g071xx.o(.text)
    TIM2_IRQHandler                          0x0800027b   Thumb Code     0  startup_stm32g071xx.o(.text)
    TIM3_IRQHandler                          0x0800027b   Thumb Code     0  startup_stm32g071xx.o(.text)
    TIM6_DAC_LPTIM1_IRQHandler               0x0800027b   Thumb Code     0  startup_stm32g071xx.o(.text)
    TIM7_LPTIM2_IRQHandler                   0x0800027b   Thumb Code     0  startup_stm32g071xx.o(.text)
    UCPD1_2_IRQHandler                       0x0800027b   Thumb Code     0  startup_stm32g071xx.o(.text)
    USART1_IRQHandler                        0x0800027b   Thumb Code     0  startup_stm32g071xx.o(.text)
    USART2_IRQHandler                        0x0800027b   Thumb Code     0  startup_stm32g071xx.o(.text)
    USART3_4_LPUART1_IRQHandler              0x0800027b   Thumb Code     0  startup_stm32g071xx.o(.text)
    WWDG_IRQHandler                          0x0800027b   Thumb Code     0  startup_stm32g071xx.o(.text)
    __user_initial_stackheap                 0x0800027d   Thumb Code     0  startup_stm32g071xx.o(.text)
    __aeabi_memcpy                           0x080002a1   Thumb Code   130  rt_memcpy.o(.text)
    __rt_memcpy                              0x080002a1   Thumb Code     0  rt_memcpy.o(.text)
    __aeabi_memset4                          0x08000323   Thumb Code    18  aeabi_memset4.o(.text)
    __aeabi_memset8                          0x08000323   Thumb Code     0  aeabi_memset4.o(.text)
    _memset_w                                0x08000335   Thumb Code    26  rt_memclr.o(.text)
    _memset                                  0x0800034f   Thumb Code    30  rt_memclr.o(.text)
    __aeabi_memclr                           0x0800036d   Thumb Code     4  rt_memclr.o(.text)
    __rt_memclr                              0x0800036d   Thumb Code     0  rt_memclr.o(.text)
    __aeabi_memclr4                          0x08000371   Thumb Code     0  rt_memclr.o(.text)
    __aeabi_memclr8                          0x08000371   Thumb Code     0  rt_memclr.o(.text)
    __rt_memclr_w                            0x08000371   Thumb Code     4  rt_memclr.o(.text)
    __use_two_region_memory                  0x08000375   Thumb Code     2  heapauxi.o(.text)
    __rt_heap_escrow$2region                 0x08000377   Thumb Code     2  heapauxi.o(.text)
    __rt_heap_expand$2region                 0x08000379   Thumb Code     2  heapauxi.o(.text)
    __user_setup_stackheap                   0x0800037b   Thumb Code    62  sys_stackheap_outer.o(.text)
    exit                                     0x080003b9   Thumb Code    16  exit.o(.text)
    __user_libspace                          0x080003c9   Thumb Code     8  libspace.o(.text)
    __user_perproc_libspace                  0x080003c9   Thumb Code     0  libspace.o(.text)
    _sys_exit                                0x080003d1   Thumb Code     8  sys_exit.o(.text)
    __I$use$semihosting                      0x080003dd   Thumb Code     0  use_no_semi.o(.text)
    __use_no_semihosting_swi                 0x080003dd   Thumb Code     2  use_no_semi.o(.text)
    __semihosting_library_function           0x080003df   Thumb Code     0  indicate_semi.o(.text)
    BSP_JOY_GetState                         0x080003e1   Thumb Code    36  stm32g071b_discovery.o(.text.BSP_JOY_GetState)
    BSP_JOY_Init                             0x08000405   Thumb Code   140  stm32g071b_discovery.o(.text.BSP_JOY_Init)
    BSP_LED_Init                             0x0800049d   Thumb Code   160  stm32g071b_discovery.o(.text.BSP_LED_Init)
    BSP_LED_Off                              0x08000541   Thumb Code    24  stm32g071b_discovery.o(.text.BSP_LED_Off)
    BSP_LED_On                               0x08000559   Thumb Code    24  stm32g071b_discovery.o(.text.BSP_LED_On)
    EventRecord2                             0x08000579   Thumb Code   164  eventrecorder.o(.text.EventRecord2)
    EventRecord4                             0x0800061d   Thumb Code   228  eventrecorder.o(.text.EventRecord4)
    EventRecorderDisable                     0x08000825   Thumb Code    84  eventrecorder.o(.text.EventRecorderDisable)
    EventRecorderEnable                      0x08000879   Thumb Code    84  eventrecorder.o(.text.EventRecorderEnable)
    EventRecorderInitialize                  0x080008d1   Thumb Code   532  eventrecorder.o(.text.EventRecorderInitialize)
    EventRecorderTimerGetCount               0x08000b0d   Thumb Code    40  eventrecorder.o(.text.EventRecorderTimerGetCount)
    EventRecorderTimerSetup                  0x08000b35   Thumb Code    12  eventrecorder.o(.text.EventRecorderTimerSetup)
    EvrRtxDelay                              0x08000b45   Thumb Code    16  rtx_evr.o(.text.EvrRtxDelay)
    EvrRtxDelayCompleted                     0x08000b59   Thumb Code    16  rtx_evr.o(.text.EvrRtxDelayCompleted)
    EvrRtxDelayError                         0x08000b6d   Thumb Code    16  rtx_evr.o(.text.EvrRtxDelayError)
    EvrRtxDelayStarted                       0x08000b7d   Thumb Code    16  rtx_evr.o(.text.EvrRtxDelayStarted)
    EvrRtxEventFlagsWaitTimeout              0x08000b91   Thumb Code    16  rtx_evr.o(.text.EvrRtxEventFlagsWaitTimeout)
    EvrRtxKernelError                        0x08000ba5   Thumb Code    16  rtx_evr.o(.text.EvrRtxKernelError)
    EvrRtxKernelErrorNotify                  0x08000bb5   Thumb Code    16  rtx_evr.o(.text.EvrRtxKernelErrorNotify)
    EvrRtxKernelGetTickCount                 0x08000bc9   Thumb Code    16  rtx_evr.o(.text.EvrRtxKernelGetTickCount)
    EvrRtxKernelInitialize                   0x08000bdd   Thumb Code    16  rtx_evr.o(.text.EvrRtxKernelInitialize)
    EvrRtxKernelInitialized                  0x08000bf1   Thumb Code    16  rtx_evr.o(.text.EvrRtxKernelInitialized)
    EvrRtxKernelStart                        0x08000c05   Thumb Code    16  rtx_evr.o(.text.EvrRtxKernelStart)
    EvrRtxKernelStarted                      0x08000c19   Thumb Code    16  rtx_evr.o(.text.EvrRtxKernelStarted)
    EvrRtxMemoryAlloc                        0x08000c2d   Thumb Code    24  rtx_evr.o(.text.EvrRtxMemoryAlloc)
    EvrRtxMemoryBlockAlloc                   0x08000c49   Thumb Code    16  rtx_evr.o(.text.EvrRtxMemoryBlockAlloc)
    EvrRtxMemoryBlockFree                    0x08000c5d   Thumb Code    24  rtx_evr.o(.text.EvrRtxMemoryBlockFree)
    EvrRtxMemoryBlockInit                    0x08000c79   Thumb Code    24  rtx_evr.o(.text.EvrRtxMemoryBlockInit)
    EvrRtxMemoryFree                         0x08000c95   Thumb Code    24  rtx_evr.o(.text.EvrRtxMemoryFree)
    EvrRtxMemoryInit                         0x08000cb1   Thumb Code    26  rtx_evr.o(.text.EvrRtxMemoryInit)
    EvrRtxMemoryPoolAllocTimeout             0x08000ccd   Thumb Code    16  rtx_evr.o(.text.EvrRtxMemoryPoolAllocTimeout)
    EvrRtxMessageQueueCreated                0x08000ce1   Thumb Code    16  rtx_evr.o(.text.EvrRtxMessageQueueCreated)
    EvrRtxMessageQueueError                  0x08000cf5   Thumb Code    16  rtx_evr.o(.text.EvrRtxMessageQueueError)
    EvrRtxMessageQueueGet                    0x08000d05   Thumb Code    24  rtx_evr.o(.text.EvrRtxMessageQueueGet)
    EvrRtxMessageQueueGetPending             0x08000d21   Thumb Code    24  rtx_evr.o(.text.EvrRtxMessageQueueGetPending)
    EvrRtxMessageQueueGetTimeout             0x08000d3d   Thumb Code    16  rtx_evr.o(.text.EvrRtxMessageQueueGetTimeout)
    EvrRtxMessageQueueInsertPending          0x08000d51   Thumb Code    16  rtx_evr.o(.text.EvrRtxMessageQueueInsertPending)
    EvrRtxMessageQueueInserted               0x08000d65   Thumb Code    16  rtx_evr.o(.text.EvrRtxMessageQueueInserted)
    EvrRtxMessageQueueNotInserted            0x08000d79   Thumb Code    16  rtx_evr.o(.text.EvrRtxMessageQueueNotInserted)
    EvrRtxMessageQueueNotRetrieved           0x08000d8d   Thumb Code    16  rtx_evr.o(.text.EvrRtxMessageQueueNotRetrieved)
    EvrRtxMessageQueuePut                    0x08000da1   Thumb Code    24  rtx_evr.o(.text.EvrRtxMessageQueuePut)
    EvrRtxMessageQueuePutPending             0x08000dbd   Thumb Code    24  rtx_evr.o(.text.EvrRtxMessageQueuePutPending)
    EvrRtxMessageQueuePutTimeout             0x08000dd9   Thumb Code    16  rtx_evr.o(.text.EvrRtxMessageQueuePutTimeout)
    EvrRtxMessageQueueRetrieved              0x08000ded   Thumb Code    16  rtx_evr.o(.text.EvrRtxMessageQueueRetrieved)
    EvrRtxMutexAcquire                       0x08000e01   Thumb Code    16  rtx_evr.o(.text.EvrRtxMutexAcquire)
    EvrRtxMutexAcquirePending                0x08000e15   Thumb Code    16  rtx_evr.o(.text.EvrRtxMutexAcquirePending)
    EvrRtxMutexAcquireTimeout                0x08000e29   Thumb Code    16  rtx_evr.o(.text.EvrRtxMutexAcquireTimeout)
    EvrRtxMutexAcquired                      0x08000e3d   Thumb Code    16  rtx_evr.o(.text.EvrRtxMutexAcquired)
    EvrRtxMutexCreated                       0x08000e51   Thumb Code    16  rtx_evr.o(.text.EvrRtxMutexCreated)
    EvrRtxMutexDelete                        0x08000e65   Thumb Code    16  rtx_evr.o(.text.EvrRtxMutexDelete)
    EvrRtxMutexDestroyed                     0x08000e79   Thumb Code    16  rtx_evr.o(.text.EvrRtxMutexDestroyed)
    EvrRtxMutexError                         0x08000e8d   Thumb Code    16  rtx_evr.o(.text.EvrRtxMutexError)
    EvrRtxMutexNew                           0x08000e9d   Thumb Code    16  rtx_evr.o(.text.EvrRtxMutexNew)
    EvrRtxMutexNotAcquired                   0x08000eb1   Thumb Code    16  rtx_evr.o(.text.EvrRtxMutexNotAcquired)
    EvrRtxMutexRelease                       0x08000ec5   Thumb Code    16  rtx_evr.o(.text.EvrRtxMutexRelease)
    EvrRtxMutexReleased                      0x08000ed9   Thumb Code    16  rtx_evr.o(.text.EvrRtxMutexReleased)
    EvrRtxSemaphoreAcquireTimeout            0x08000eed   Thumb Code    16  rtx_evr.o(.text.EvrRtxSemaphoreAcquireTimeout)
    EvrRtxThreadBlocked                      0x08000f01   Thumb Code    16  rtx_evr.o(.text.EvrRtxThreadBlocked)
    EvrRtxThreadCreated                      0x08000f15   Thumb Code    28  rtx_evr.o(.text.EvrRtxThreadCreated)
    EvrRtxThreadDestroyed                    0x08000f35   Thumb Code    16  rtx_evr.o(.text.EvrRtxThreadDestroyed)
    EvrRtxThreadError                        0x08000f49   Thumb Code    16  rtx_evr.o(.text.EvrRtxThreadError)
    EvrRtxThreadExit                         0x08000f59   Thumb Code    16  rtx_evr.o(.text.EvrRtxThreadExit)
    EvrRtxThreadFlagsError                   0x08000f6d   Thumb Code    16  rtx_evr.o(.text.EvrRtxThreadFlagsError)
    EvrRtxThreadFlagsSet                     0x08000f7d   Thumb Code    16  rtx_evr.o(.text.EvrRtxThreadFlagsSet)
    EvrRtxThreadFlagsSetDone                 0x08000f91   Thumb Code    16  rtx_evr.o(.text.EvrRtxThreadFlagsSetDone)
    EvrRtxThreadFlagsWait                    0x08000fa5   Thumb Code    24  rtx_evr.o(.text.EvrRtxThreadFlagsWait)
    EvrRtxThreadFlagsWaitCompleted           0x08000fc1   Thumb Code    24  rtx_evr.o(.text.EvrRtxThreadFlagsWaitCompleted)
    EvrRtxThreadFlagsWaitNotCompleted        0x08000fdd   Thumb Code    16  rtx_evr.o(.text.EvrRtxThreadFlagsWaitNotCompleted)
    EvrRtxThreadFlagsWaitPending             0x08000ff1   Thumb Code    24  rtx_evr.o(.text.EvrRtxThreadFlagsWaitPending)
    EvrRtxThreadFlagsWaitTimeout             0x0800100d   Thumb Code    16  rtx_evr.o(.text.EvrRtxThreadFlagsWaitTimeout)
    EvrRtxThreadJoined                       0x08001021   Thumb Code    16  rtx_evr.o(.text.EvrRtxThreadJoined)
    EvrRtxThreadNew                          0x08001035   Thumb Code    24  rtx_evr.o(.text.EvrRtxThreadNew)
    EvrRtxThreadPreempted                    0x08001051   Thumb Code    16  rtx_evr.o(.text.EvrRtxThreadPreempted)
    EvrRtxThreadSwitched                     0x08001065   Thumb Code    16  rtx_evr.o(.text.EvrRtxThreadSwitched)
    EvrRtxThreadUnblocked                    0x08001079   Thumb Code    16  rtx_evr.o(.text.EvrRtxThreadUnblocked)
    EvrRtxTimerCallback                      0x0800108d   Thumb Code    16  rtx_evr.o(.text.EvrRtxTimerCallback)
    HAL_Delay                                0x080010a1   Thumb Code    32  stm32g0xx_hal.o(.text.HAL_Delay)
    HAL_GPIO_Init                            0x080010c1   Thumb Code   388  stm32g0xx_hal_gpio.o(.text.HAL_GPIO_Init)
    HAL_GPIO_ReadPin                         0x08001259   Thumb Code    10  stm32g0xx_hal_gpio.o(.text.HAL_GPIO_ReadPin)
    HAL_GPIO_WritePin                        0x08001263   Thumb Code    16  stm32g0xx_hal_gpio.o(.text.HAL_GPIO_WritePin)
    HAL_GetTick                              0x08001275   Thumb Code    68  main.o(.text.HAL_GetTick)
    HAL_Init                                 0x080012bd   Thumb Code    40  stm32g0xx_hal.o(.text.HAL_Init)
    HAL_InitTick                             0x080012e5   Thumb Code    64  stm32g0xx_hal.o(.text.HAL_InitTick)
    HAL_MspInit                              0x08001329   Thumb Code    76  stm32g0xx_hal_msp.o(.text.HAL_MspInit)
    HAL_NVIC_EnableIRQ                       0x08001379   Thumb Code    20  stm32g0xx_hal_cortex.o(.text.HAL_NVIC_EnableIRQ)
    HAL_NVIC_SetPriority                     0x08001391   Thumb Code    56  stm32g0xx_hal_cortex.o(.text.HAL_NVIC_SetPriority)
    HAL_PWREx_ControlVoltageScaling          0x080013d1   Thumb Code    72  stm32g0xx_hal_pwr_ex.o(.text.HAL_PWREx_ControlVoltageScaling)
    HAL_RCC_ClockConfig                      0x08001421   Thumb Code   472  stm32g0xx_hal_rcc.o(.text.HAL_RCC_ClockConfig)
    HAL_RCC_OscConfig                        0x08001619   Thumb Code  1088  stm32g0xx_hal_rcc.o(.text.HAL_RCC_OscConfig)
    HAL_SYSCFG_StrobeDBattpinsConfig         0x08001a71   Thumb Code    16  stm32g0xx_hal.o(.text.HAL_SYSCFG_StrobeDBattpinsConfig)
    HAL_SYSTICK_Config                       0x08001a85   Thumb Code    40  stm32g0xx_hal_cortex.o(.text.HAL_SYSTICK_Config)
    HardFault_Handler                        0x08001ab1   Thumb Code     2  stm32g0xx_it.o(.text.HardFault_Handler)
    NMI_Handler                              0x08001ab3   Thumb Code     2  stm32g0xx_it.o(.text.NMI_Handler)
    OS_Tick_AcknowledgeIRQ                   0x08001ab5   Thumb Code     8  os_systick.o(.text.OS_Tick_AcknowledgeIRQ)
    OS_Tick_Enable                           0x08001abd   Thumb Code    32  os_systick.o(.text.OS_Tick_Enable)
    OS_Tick_GetCount                         0x08001add   Thumb Code    12  os_systick.o(.text.OS_Tick_GetCount)
    OS_Tick_GetIRQn                          0x08001ae9   Thumb Code     6  os_systick.o(.text.OS_Tick_GetIRQn)
    OS_Tick_GetInterval                      0x08001af1   Thumb Code     8  os_systick.o(.text.OS_Tick_GetInterval)
    OS_Tick_GetOverflow                      0x08001afd   Thumb Code    12  os_systick.o(.text.OS_Tick_GetOverflow)
    OS_Tick_Setup                            0x08001b0d   Thumb Code    60  os_systick.o(.text.OS_Tick_Setup)
    SystemCoreClockUpdate                    0x08001b59   Thumb Code   124  system_stm32g0xx.o(.text.SystemCoreClockUpdate)
    SystemInit                               0x08001be9   Thumb Code    12  system_stm32g0xx.o(.text.SystemInit)
    _mutex_acquire                           0x08001bf9   Thumb Code    44  rtx_lib.o(.text._mutex_acquire)
    _mutex_free                              0x08001c25   Thumb Code    10  rtx_lib.o(.text._mutex_free)
    _mutex_initialize                        0x08001c2f   Thumb Code    34  rtx_lib.o(.text._mutex_initialize)
    _mutex_release                           0x08001c51   Thumb Code    40  rtx_lib.o(.text._mutex_release)
    _platform_post_stackheap_init            0x08001c7d   Thumb Code     8  rtx_lib.o(.text._platform_post_stackheap_init)
    app_initialize                           0x08001c85   Thumb Code    16  blinky.o(.text.app_initialize)
    main                                     0x08001ccd   Thumb Code   172  main.o(.text.main)
    osDelay                                  0x08001d7d   Thumb Code    48  rtx_delay.o(.text.osDelay)
    osKernelGetState                         0x08001db1   Thumb Code    40  rtx_kernel.o(.text.osKernelGetState)
    osKernelGetSysTimerCount                 0x08001ddd   Thumb Code    60  rtx_kernel.o(.text.osKernelGetSysTimerCount)
    osKernelGetTickCount                     0x08001e1d   Thumb Code    36  rtx_kernel.o(.text.osKernelGetTickCount)
    osKernelInitialize                       0x08001e49   Thumb Code    48  rtx_kernel.o(.text.osKernelInitialize)
    osKernelStart                            0x08001e7d   Thumb Code    44  rtx_kernel.o(.text.osKernelStart)
    osMessageQueueGet                        0x08001ead   Thumb Code   212  rtx_msgqueue.o(.text.osMessageQueueGet)
    osMessageQueuePut                        0x08001f85   Thumb Code   156  rtx_msgqueue.o(.text.osMessageQueuePut)
    osMutexAcquire                           0x08002025   Thumb Code    52  rtx_mutex.o(.text.osMutexAcquire)
    osMutexDelete                            0x0800205d   Thumb Code    48  rtx_mutex.o(.text.osMutexDelete)
    osMutexNew                               0x08002091   Thumb Code    48  rtx_mutex.o(.text.osMutexNew)
    osMutexRelease                           0x080020c5   Thumb Code    48  rtx_mutex.o(.text.osMutexRelease)
    osRtxErrorNotify                         0x080020f9   Thumb Code     2  rtx_config.o(.text.osRtxErrorNotify)
    osRtxIdleThread                          0x080020fb   Thumb Code     2  rtx_config.o(.text.osRtxIdleThread)
    osRtxKernelErrorNotify                   0x080020fd   Thumb Code    20  rtx_kernel.o(.text.osRtxKernelErrorNotify)
    osRtxKernelPreInit                       0x08002111   Thumb Code   274  rtx_lib.o(.text.osRtxKernelPreInit)
    osRtxMemoryAlloc                         0x08002223   Thumb Code   148  rtx_memory.o(.text.osRtxMemoryAlloc)
    osRtxMemoryFree                          0x080022b7   Thumb Code    84  rtx_memory.o(.text.osRtxMemoryFree)
    osRtxMemoryInit                          0x0800230b   Thumb Code    62  rtx_memory.o(.text.osRtxMemoryInit)
    osRtxMemoryPoolAlloc                     0x08002349   Thumb Code    50  rtx_mempool.o(.text.osRtxMemoryPoolAlloc)
    osRtxMemoryPoolFree                      0x0800237b   Thumb Code    60  rtx_mempool.o(.text.osRtxMemoryPoolFree)
    osRtxMemoryPoolInit                      0x080023b7   Thumb Code    86  rtx_mempool.o(.text.osRtxMemoryPoolInit)
    osRtxMessageQueueTimerSetup              0x080025bd   Thumb Code    32  rtx_msgqueue.o(.text.osRtxMessageQueueTimerSetup)
    osRtxMutexOwnerRelease                   0x080025e1   Thumb Code    92  rtx_mutex.o(.text.osRtxMutexOwnerRelease)
    osRtxMutexOwnerRestore                   0x0800263d   Thumb Code    80  rtx_mutex.o(.text.osRtxMutexOwnerRestore)
    osRtxPendSV_Handler                      0x0800268d   Thumb Code   128  rtx_system.o(.text.osRtxPendSV_Handler)
    osRtxPostProcess                         0x0800270d   Thumb Code   120  rtx_system.o(.text.osRtxPostProcess)
    osRtxThreadDelayTick                     0x08002789   Thumb Code   324  rtx_thread.o(.text.osRtxThreadDelayTick)
    osRtxThreadDispatch                      0x080028cd   Thumb Code   224  rtx_thread.o(.text.osRtxThreadDispatch)
    osRtxThreadListGet                       0x08002a05   Thumb Code    20  rtx_thread.o(.text.osRtxThreadListGet)
    osRtxThreadListPut                       0x08002a19   Thumb Code    42  rtx_thread.o(.text.osRtxThreadListPut)
    osRtxThreadListRemove                    0x08002a43   Thumb Code    24  rtx_thread.o(.text.osRtxThreadListRemove)
    osRtxThreadListSort                      0x08002a5b   Thumb Code    90  rtx_thread.o(.text.osRtxThreadListSort)
    osRtxThreadReadyPut                      0x08002b4d   Thumb Code    52  rtx_thread.o(.text.osRtxThreadReadyPut)
    osRtxThreadRegPtr                        0x08002b85   Thumb Code     6  rtx_thread.o(.text.osRtxThreadRegPtr)
    osRtxThreadStackCheck                    0x08002b8d   Thumb Code    24  rtx_thread.o(.text.osRtxThreadStackCheck)
    osRtxThreadStartup                       0x08002ba9   Thumb Code    64  rtx_thread.o(.text.osRtxThreadStartup)
    osRtxThreadSwitch                        0x08002bf1   Thumb Code    16  rtx_thread.o(.text.osRtxThreadSwitch)
    osRtxThreadWaitEnter                     0x08002c05   Thumb Code   208  rtx_thread.o(.text.osRtxThreadWaitEnter)
    osRtxThreadWaitExit                      0x08002cd5   Thumb Code   136  rtx_thread.o(.text.osRtxThreadWaitExit)
    osRtxTick_Handler                        0x08002d61   Thumb Code   128  rtx_system.o(.text.osRtxTick_Handler)
    osRtxTimerSetup                          0x08002de1   Thumb Code    28  rtx_timer.o(.text.osRtxTimerSetup)
    osRtxTimerThread                         0x08002e01   Thumb Code    36  rtx_timer.o(.text.osRtxTimerThread)
    osThreadExit                             0x08002eed   Thumb Code    20  rtx_thread.o(.text.osThreadExit)
    osThreadFlagsSet                         0x08002f05   Thumb Code   128  rtx_thread.o(.text.osThreadFlagsSet)
    osThreadFlagsWait                        0x08002f89   Thumb Code    64  rtx_thread.o(.text.osThreadFlagsWait)
    osThreadNew                              0x08002fcd   Thumb Code    64  rtx_thread.o(.text.osThreadNew)
    vioGetSignal                             0x080040f1   Thumb Code   200  vio_stm32g071b-disco.o(.text.vioGetSignal)
    vioInit                                  0x080041b9   Thumb Code    96  vio_stm32g071b-disco.o(.text.vioInit)
    vioSetSignal                             0x08004231   Thumb Code   136  vio_stm32g071b-disco.o(.text.vioSetSignal)
    __aeabi_uidiv                            0x080042bd   Thumb Code    68  aeabi_sdivfast.o(.text_divfast)
    __aeabi_idiv                             0x08004301   Thumb Code   434  aeabi_sdivfast.o(.text_divfast)
    osRtxConfig                              0x080044b4   Data         112  rtx_lib.o(.rodata)
    os_cb_sections                           0x08004524   Data          56  rtx_lib.o(.rodata)
    AHBPrescTable                            0x0800455c   Data          64  system_stm32g0xx.o(.rodata.AHBPrescTable)
    EventRecorderInfo                        0x0800459c   Data          24  eventrecorder.o(.rodata.EventRecorderInfo)
    JOY_IRQn                                 0x080045b4   Data           5  stm32g071b_discovery.o(.rodata.JOY_IRQn)
    JOY_PIN                                  0x080045ba   Data          10  stm32g071b_discovery.o(.rodata.JOY_PIN)
    LED_PIN                                  0x080045c4   Data           8  stm32g071b_discovery.o(.rodata.LED_PIN)
    osRtxUserSVC                             0x080045cc   Data           4  rtx_lib.o(.rodata.osRtxUserSVC)
    Region$$Table$$Base                      0x0800463c   Number         0  anon$$obj.o(Region$$Table)
    Region$$Table$$Limit                     0x0800465c   Number         0  anon$$obj.o(Region$$Table)
    JOY_PORT                                 0x20000000   Data          20  stm32g071b_discovery.o(.data.JOY_PORT)
    LED_PORT                                 0x20000014   Data          16  stm32g071b_discovery.o(.data.LED_PORT)
    SystemCoreClock                          0x20000024   Data           4  system_stm32g0xx.o(.data.SystemCoreClock)
    osRtxInfo                                0x20000028   Data         164  rtx_kernel.o(.data.os)
    uwTickFreq                               0x200000cc   Data           1  stm32g0xx_hal.o(.data.uwTickFreq)
    uwTickPrio                               0x200000d0   Data           4  stm32g0xx_hal.o(.data.uwTickPrio)
    __libspace_start                         0x200000d8   Data          96  libspace.o(.bss)
    __temporary_stack_top$libspace           0x20000138   Data           0  libspace.o(.bss)
    .bss.os.msgqueue.cb$$Base                0x20005f44   Number         0  rtx_lib.o(.bss.os.msgqueue.cb)
    .bss.os.msgqueue.cb$$Limit               0x20005f78   Number         0  rtx_lib.o(.bss.os.msgqueue.cb)
    .bss.os.thread.cb$$Base                  0x20005fc8   Number         0  rtx_lib.o(.bss.os.thread.cb)
    .bss.os.thread.cb$$Limit                 0x20006050   Number         0  rtx_lib.o(.bss.os.thread.cb)
    vioAddrIPv4                              0x20006460   Data           8  vio_stm32g071b-disco.o(.bss.vioAddrIPv4)
    vioAddrIPv6                              0x20006468   Data          32  vio_stm32g071b-disco.o(.bss.vioAddrIPv6)
    vioPrintMem                              0x20006488   Data         256  vio_stm32g071b-disco.o(.bss.vioPrintMem)
    vioSignalIn                              0x20006588   Data           4  vio_stm32g071b-disco.o(.bss.vioSignalIn)
    vioSignalOut                             0x2000658c   Data           4  vio_stm32g071b-disco.o(.bss.vioSignalOut)
    vioValue                                 0x20006590   Data          12  vio_stm32g071b-disco.o(.bss.vioValue)
    vioValueXYZ                              0x2000659c   Data          36  vio_stm32g071b-disco.o(.bss.vioValueXYZ)



==============================================================================

Memory Map of the image

  Image Entry point : 0x080000bd

  Load Region LR_IROM1 (Base: 0x08000000, Size: 0x00004738, Max: 0x00020000, ABSOLUTE)

    Execution Region ER_IROM1 (Exec base: 0x08000000, Load base: 0x08000000, Size: 0x0000465c, Max: 0x00020000, ABSOLUTE)

    Exec Addr    Load Addr    Size         Type   Attr      Idx    E Section Name        Object

    0x08000000   0x08000000   0x000000bc   Data   RO         1468    RESET               startup_stm32g071xx.o
    0x080000bc   0x080000bc   0x00000008   Code   RO         1512  * !!!main             c_p.l(__main.o)
    0x080000c4   0x080000c4   0x0000003c   Code   RO         1845    !!!scatter          c_p.l(__scatter.o)
    0x08000100   0x08000100   0x0000001a   Code   RO         1847    !!handler_copy      c_p.l(__scatter_copy.o)
    0x0800011a   0x0800011a   0x00000002   PAD
    0x0800011c   0x0800011c   0x0000001c   Code   RO         1849    !!handler_zi        c_p.l(__scatter_zi.o)
    0x08000138   0x08000138   0x00000002   Code   RO         1692    .ARM.Collect$$libinit$$00000000  c_p.l(libinit.o)
    0x0800013a   0x0800013a   0x00000000   Code   RO         1718    .ARM.Collect$$libinit$$00000002  c_p.l(libinit2.o)
    0x0800013a   0x0800013a   0x00000000   Code   RO         1720    .ARM.Collect$$libinit$$00000004  c_p.l(libinit2.o)
    0x0800013a   0x0800013a   0x00000000   Code   RO         1722    .ARM.Collect$$libinit$$00000006  c_p.l(libinit2.o)
    0x0800013a   0x0800013a   0x00000000   Code   RO         1725    .ARM.Collect$$libinit$$0000000C  c_p.l(libinit2.o)
    0x0800013a   0x0800013a   0x00000000   Code   RO         1727    .ARM.Collect$$libinit$$0000000E  c_p.l(libinit2.o)
    0x0800013a   0x0800013a   0x00000000   Code   RO         1729    .ARM.Collect$$libinit$$00000010  c_p.l(libinit2.o)
    0x0800013a   0x0800013a   0x00000000   Code   RO         1732    .ARM.Collect$$libinit$$00000013  c_p.l(libinit2.o)
    0x0800013a   0x0800013a   0x00000000   Code   RO         1734    .ARM.Collect$$libinit$$00000015  c_p.l(libinit2.o)
    0x0800013a   0x0800013a   0x00000000   Code   RO         1736    .ARM.Collect$$libinit$$00000017  c_p.l(libinit2.o)
    0x0800013a   0x0800013a   0x00000000   Code   RO         1738    .ARM.Collect$$libinit$$00000019  c_p.l(libinit2.o)
    0x0800013a   0x0800013a   0x00000000   Code   RO         1740    .ARM.Collect$$libinit$$0000001B  c_p.l(libinit2.o)
    0x0800013a   0x0800013a   0x00000000   Code   RO         1742    .ARM.Collect$$libinit$$0000001D  c_p.l(libinit2.o)
    0x0800013a   0x0800013a   0x00000000   Code   RO         1744    .ARM.Collect$$libinit$$0000001F  c_p.l(libinit2.o)
    0x0800013a   0x0800013a   0x00000000   Code   RO         1746    .ARM.Collect$$libinit$$00000021  c_p.l(libinit2.o)
    0x0800013a   0x0800013a   0x00000000   Code   RO         1748    .ARM.Collect$$libinit$$00000023  c_p.l(libinit2.o)
    0x0800013a   0x0800013a   0x00000000   Code   RO         1750    .ARM.Collect$$libinit$$00000025  c_p.l(libinit2.o)
    0x0800013a   0x0800013a   0x00000000   Code   RO         1752    .ARM.Collect$$libinit$$00000027  c_p.l(libinit2.o)
    0x0800013a   0x0800013a   0x00000000   Code   RO         1756    .ARM.Collect$$libinit$$0000002E  c_p.l(libinit2.o)
    0x0800013a   0x0800013a   0x00000000   Code   RO         1758    .ARM.Collect$$libinit$$00000030  c_p.l(libinit2.o)
    0x0800013a   0x0800013a   0x00000000   Code   RO         1760    .ARM.Collect$$libinit$$00000032  c_p.l(libinit2.o)
    0x0800013a   0x0800013a   0x00000000   Code   RO         1762    .ARM.Collect$$libinit$$00000034  c_p.l(libinit2.o)
    0x0800013a   0x0800013a   0x00000002   Code   RO         1763    .ARM.Collect$$libinit$$00000035  c_p.l(libinit2.o)
    0x0800013c   0x0800013c   0x00000002   Code   RO         1800    .ARM.Collect$$libshutdown$$00000000  c_p.l(libshutdown.o)
    0x0800013e   0x0800013e   0x00000000   Code   RO         1828    .ARM.Collect$$libshutdown$$00000002  c_p.l(libshutdown2.o)
    0x0800013e   0x0800013e   0x00000000   Code   RO         1830    .ARM.Collect$$libshutdown$$00000004  c_p.l(libshutdown2.o)
    0x0800013e   0x0800013e   0x00000000   Code   RO         1833    .ARM.Collect$$libshutdown$$00000007  c_p.l(libshutdown2.o)
    0x0800013e   0x0800013e   0x00000000   Code   RO         1836    .ARM.Collect$$libshutdown$$0000000A  c_p.l(libshutdown2.o)
    0x0800013e   0x0800013e   0x00000000   Code   RO         1838    .ARM.Collect$$libshutdown$$0000000C  c_p.l(libshutdown2.o)
    0x0800013e   0x0800013e   0x00000000   Code   RO         1841    .ARM.Collect$$libshutdown$$0000000F  c_p.l(libshutdown2.o)
    0x0800013e   0x0800013e   0x00000002   Code   RO         1842    .ARM.Collect$$libshutdown$$00000010  c_p.l(libshutdown2.o)
    0x08000140   0x08000140   0x00000000   Code   RO         1514    .ARM.Collect$$rtentry$$00000000  c_p.l(__rtentry.o)
    0x08000140   0x08000140   0x00000000   Code   RO         1619    .ARM.Collect$$rtentry$$00000002  c_p.l(__rtentry2.o)
    0x08000140   0x08000140   0x00000006   Code   RO         1631    .ARM.Collect$$rtentry$$00000004  c_p.l(__rtentry4.o)
    0x08000146   0x08000146   0x00000008   Code   RO         1620    .ARM.Collect$$rtentry$$00000008  c_p.l(__rtentry2.o)
    0x0800014e   0x0800014e   0x00000004   Code   RO         1622    .ARM.Collect$$rtentry$$0000000A  c_p.l(__rtentry2.o)
    0x08000152   0x08000152   0x00000000   Code   RO         1624    .ARM.Collect$$rtentry$$0000000C  c_p.l(__rtentry2.o)
    0x08000152   0x08000152   0x00000008   Code   RO         1625    .ARM.Collect$$rtentry$$0000000D  c_p.l(__rtentry2.o)
    0x0800015a   0x0800015a   0x00000002   Code   RO         1702    .ARM.Collect$$rtexit$$00000000  c_p.l(rtexit.o)
    0x0800015c   0x0800015c   0x00000000   Code   RO         1769    .ARM.Collect$$rtexit$$00000002  c_p.l(rtexit2.o)
    0x0800015c   0x0800015c   0x00000004   Code   RO         1770    .ARM.Collect$$rtexit$$00000003  c_p.l(rtexit2.o)
    0x08000160   0x08000160   0x00000006   Code   RO         1771    .ARM.Collect$$rtexit$$00000004  c_p.l(rtexit2.o)
    0x08000166   0x08000166   0x00000002   PAD
    0x08000168   0x08000168   0x00000038   Code   RO         1494    .emb_text           c_p.l(rt_memcpy.o)
    0x080001a0   0x080001a0   0x000000c8   Code   RO           98    .text               irq_armv6m.o
    0x08000268   0x08000268   0x00000038   Code   RO         1469    .text               startup_stm32g071xx.o
    0x080002a0   0x080002a0   0x00000082   Code   RO         1495    .text               c_p.l(rt_memcpy.o)
    0x08000322   0x08000322   0x00000012   Code   RO         1498    .text               c_p.l(aeabi_memset4.o)
    0x08000334   0x08000334   0x00000040   Code   RO         1500    .text               c_p.l(rt_memclr.o)
    0x08000374   0x08000374   0x00000006   Code   RO         1510    .text               c_p.l(heapauxi.o)
    0x0800037a   0x0800037a   0x0000003e   Code   RO         1657    .text               c_p.l(sys_stackheap_outer.o)
    0x080003b8   0x080003b8   0x00000010   Code   RO         1683    .text               c_p.l(exit.o)
    0x080003c8   0x080003c8   0x00000008   Code   RO         1698    .text               c_p.l(libspace.o)
    0x080003d0   0x080003d0   0x0000000c   Code   RO         1764    .text               c_p.l(sys_exit.o)
    0x080003dc   0x080003dc   0x00000002   Code   RO         1789    .text               c_p.l(use_no_semi.o)
    0x080003de   0x080003de   0x00000000   Code   RO         1791    .text               c_p.l(indicate_semi.o)
    0x080003de   0x080003de   0x00000002   PAD
    0x080003e0   0x080003e0   0x00000024   Code   RO           65    .text.BSP_JOY_GetState  stm32g071b_discovery.o
    0x08000404   0x08000404   0x00000098   Code   RO           61    .text.BSP_JOY_Init  stm32g071b_discovery.o
    0x0800049c   0x0800049c   0x000000a4   Code   RO           51    .text.BSP_LED_Init  stm32g071b_discovery.o
    0x08000540   0x08000540   0x00000018   Code   RO           57    .text.BSP_LED_Off   stm32g071b_discovery.o
    0x08000558   0x08000558   0x00000020   Code   RO           55    .text.BSP_LED_On    stm32g071b_discovery.o
    0x08000578   0x08000578   0x000000a4   Code   RO         1072    .text.EventRecord2  eventrecorder.o
    0x0800061c   0x0800061c   0x000000ec   Code   RO         1074    .text.EventRecord4  eventrecorder.o
    0x08000708   0x08000708   0x0000011c   Code   RO         1060    .text.EventRecordItem  eventrecorder.o
    0x08000824   0x08000824   0x00000054   Code   RO         1064    .text.EventRecorderDisable  eventrecorder.o
    0x08000878   0x08000878   0x00000058   Code   RO         1058    .text.EventRecorderEnable  eventrecorder.o
    0x080008d0   0x080008d0   0x0000023c   Code   RO         1056    .text.EventRecorderInitialize  eventrecorder.o
    0x08000b0c   0x08000b0c   0x00000028   Code   RO         1054    .text.EventRecorderTimerGetCount  eventrecorder.o
    0x08000b34   0x08000b34   0x00000010   Code   RO         1050    .text.EventRecorderTimerSetup  eventrecorder.o
    0x08000b44   0x08000b44   0x00000014   Code   RO          296    .text.EvrRtxDelay   rtx_evr.o
    0x08000b58   0x08000b58   0x00000014   Code   RO          304    .text.EvrRtxDelayCompleted  rtx_evr.o
    0x08000b6c   0x08000b6c   0x00000010   Code   RO          294    .text.EvrRtxDelayError  rtx_evr.o
    0x08000b7c   0x08000b7c   0x00000014   Code   RO          300    .text.EvrRtxDelayStarted  rtx_evr.o
    0x08000b90   0x08000b90   0x00000014   Code   RO          352    .text.EvrRtxEventFlagsWaitTimeout  rtx_evr.o
    0x08000ba4   0x08000ba4   0x00000010   Code   RO          172    .text.EvrRtxKernelError  rtx_evr.o
    0x08000bb4   0x08000bb4   0x00000014   Code   RO          210    .text.EvrRtxKernelErrorNotify  rtx_evr.o
    0x08000bc8   0x08000bc8   0x00000014   Code   RO          206    .text.EvrRtxKernelGetTickCount  rtx_evr.o
    0x08000bdc   0x08000bdc   0x00000014   Code   RO          174    .text.EvrRtxKernelInitialize  rtx_evr.o
    0x08000bf0   0x08000bf0   0x00000014   Code   RO          176    .text.EvrRtxKernelInitialized  rtx_evr.o
    0x08000c04   0x08000c04   0x00000014   Code   RO          182    .text.EvrRtxKernelStart  rtx_evr.o
    0x08000c18   0x08000c18   0x00000014   Code   RO          184    .text.EvrRtxKernelStarted  rtx_evr.o
    0x08000c2c   0x08000c2c   0x0000001c   Code   RO          162    .text.EvrRtxMemoryAlloc  rtx_evr.o
    0x08000c48   0x08000c48   0x00000014   Code   RO          168    .text.EvrRtxMemoryBlockAlloc  rtx_evr.o
    0x08000c5c   0x08000c5c   0x0000001c   Code   RO          170    .text.EvrRtxMemoryBlockFree  rtx_evr.o
    0x08000c78   0x08000c78   0x0000001c   Code   RO          166    .text.EvrRtxMemoryBlockInit  rtx_evr.o
    0x08000c94   0x08000c94   0x0000001c   Code   RO          164    .text.EvrRtxMemoryFree  rtx_evr.o
    0x08000cb0   0x08000cb0   0x0000001a   Code   RO          160    .text.EvrRtxMemoryInit  rtx_evr.o
    0x08000cca   0x08000cca   0x00000002   PAD
    0x08000ccc   0x08000ccc   0x00000014   Code   RO          430    .text.EvrRtxMemoryPoolAllocTimeout  rtx_evr.o
    0x08000ce0   0x08000ce0   0x00000014   Code   RO          458    .text.EvrRtxMessageQueueCreated  rtx_evr.o
    0x08000cf4   0x08000cf4   0x00000010   Code   RO          454    .text.EvrRtxMessageQueueError  rtx_evr.o
    0x08000d04   0x08000d04   0x0000001c   Code   RO          474    .text.EvrRtxMessageQueueGet  rtx_evr.o
    0x08000d20   0x08000d20   0x0000001c   Code   RO          476    .text.EvrRtxMessageQueueGetPending  rtx_evr.o
    0x08000d3c   0x08000d3c   0x00000014   Code   RO          478    .text.EvrRtxMessageQueueGetTimeout  rtx_evr.o
    0x08000d50   0x08000d50   0x00000014   Code   RO          468    .text.EvrRtxMessageQueueInsertPending  rtx_evr.o
    0x08000d64   0x08000d64   0x00000014   Code   RO          470    .text.EvrRtxMessageQueueInserted  rtx_evr.o
    0x08000d78   0x08000d78   0x00000014   Code   RO          472    .text.EvrRtxMessageQueueNotInserted  rtx_evr.o
    0x08000d8c   0x08000d8c   0x00000014   Code   RO          482    .text.EvrRtxMessageQueueNotRetrieved  rtx_evr.o
    0x08000da0   0x08000da0   0x0000001c   Code   RO          462    .text.EvrRtxMessageQueuePut  rtx_evr.o
    0x08000dbc   0x08000dbc   0x0000001c   Code   RO          464    .text.EvrRtxMessageQueuePutPending  rtx_evr.o
    0x08000dd8   0x08000dd8   0x00000014   Code   RO          466    .text.EvrRtxMessageQueuePutTimeout  rtx_evr.o
    0x08000dec   0x08000dec   0x00000014   Code   RO          480    .text.EvrRtxMessageQueueRetrieved  rtx_evr.o
    0x08000e00   0x08000e00   0x00000014   Code   RO          370    .text.EvrRtxMutexAcquire  rtx_evr.o
    0x08000e14   0x08000e14   0x00000014   Code   RO          372    .text.EvrRtxMutexAcquirePending  rtx_evr.o
    0x08000e28   0x08000e28   0x00000014   Code   RO          374    .text.EvrRtxMutexAcquireTimeout  rtx_evr.o
    0x08000e3c   0x08000e3c   0x00000014   Code   RO          376    .text.EvrRtxMutexAcquired  rtx_evr.o
    0x08000e50   0x08000e50   0x00000014   Code   RO          366    .text.EvrRtxMutexCreated  rtx_evr.o
    0x08000e64   0x08000e64   0x00000014   Code   RO          386    .text.EvrRtxMutexDelete  rtx_evr.o
    0x08000e78   0x08000e78   0x00000014   Code   RO          388    .text.EvrRtxMutexDestroyed  rtx_evr.o
    0x08000e8c   0x08000e8c   0x00000010   Code   RO          362    .text.EvrRtxMutexError  rtx_evr.o
    0x08000e9c   0x08000e9c   0x00000014   Code   RO          364    .text.EvrRtxMutexNew  rtx_evr.o
    0x08000eb0   0x08000eb0   0x00000014   Code   RO          378    .text.EvrRtxMutexNotAcquired  rtx_evr.o
    0x08000ec4   0x08000ec4   0x00000014   Code   RO          380    .text.EvrRtxMutexRelease  rtx_evr.o
    0x08000ed8   0x08000ed8   0x00000014   Code   RO          382    .text.EvrRtxMutexReleased  rtx_evr.o
    0x08000eec   0x08000eec   0x00000014   Code   RO          402    .text.EvrRtxSemaphoreAcquireTimeout  rtx_evr.o
    0x08000f00   0x08000f00   0x00000014   Code   RO          254    .text.EvrRtxThreadBlocked  rtx_evr.o
    0x08000f14   0x08000f14   0x00000020   Code   RO          216    .text.EvrRtxThreadCreated  rtx_evr.o
    0x08000f34   0x08000f34   0x00000014   Code   RO          266    .text.EvrRtxThreadDestroyed  rtx_evr.o
    0x08000f48   0x08000f48   0x00000010   Code   RO          212    .text.EvrRtxThreadError  rtx_evr.o
    0x08000f58   0x08000f58   0x00000014   Code   RO          262    .text.EvrRtxThreadExit  rtx_evr.o
    0x08000f6c   0x08000f6c   0x00000010   Code   RO          272    .text.EvrRtxThreadFlagsError  rtx_evr.o
    0x08000f7c   0x08000f7c   0x00000014   Code   RO          274    .text.EvrRtxThreadFlagsSet  rtx_evr.o
    0x08000f90   0x08000f90   0x00000014   Code   RO          276    .text.EvrRtxThreadFlagsSetDone  rtx_evr.o
    0x08000fa4   0x08000fa4   0x0000001c   Code   RO          284    .text.EvrRtxThreadFlagsWait  rtx_evr.o
    0x08000fc0   0x08000fc0   0x0000001c   Code   RO          290    .text.EvrRtxThreadFlagsWaitCompleted  rtx_evr.o
    0x08000fdc   0x08000fdc   0x00000014   Code   RO          292    .text.EvrRtxThreadFlagsWaitNotCompleted  rtx_evr.o
    0x08000ff0   0x08000ff0   0x0000001c   Code   RO          286    .text.EvrRtxThreadFlagsWaitPending  rtx_evr.o
    0x0800100c   0x0800100c   0x00000014   Code   RO          288    .text.EvrRtxThreadFlagsWaitTimeout  rtx_evr.o
    0x08001020   0x08001020   0x00000014   Code   RO          252    .text.EvrRtxThreadJoined  rtx_evr.o
    0x08001034   0x08001034   0x0000001c   Code   RO          214    .text.EvrRtxThreadNew  rtx_evr.o
    0x08001050   0x08001050   0x00000014   Code   RO          258    .text.EvrRtxThreadPreempted  rtx_evr.o
    0x08001064   0x08001064   0x00000014   Code   RO          260    .text.EvrRtxThreadSwitched  rtx_evr.o
    0x08001078   0x08001078   0x00000014   Code   RO          256    .text.EvrRtxThreadUnblocked  rtx_evr.o
    0x0800108c   0x0800108c   0x00000014   Code   RO          308    .text.EvrRtxTimerCallback  rtx_evr.o
    0x080010a0   0x080010a0   0x00000020   Code   RO         1108    .text.HAL_Delay     stm32g0xx_hal.o
    0x080010c0   0x080010c0   0x00000198   Code   RO         1279    .text.HAL_GPIO_Init  stm32g0xx_hal_gpio.o
    0x08001258   0x08001258   0x0000000a   Code   RO         1283    .text.HAL_GPIO_ReadPin  stm32g0xx_hal_gpio.o
    0x08001262   0x08001262   0x00000010   Code   RO         1285    .text.HAL_GPIO_WritePin  stm32g0xx_hal_gpio.o
    0x08001272   0x08001272   0x00000002   PAD
    0x08001274   0x08001274   0x00000048   Code   RO           20    .text.HAL_GetTick   main.o
    0x080012bc   0x080012bc   0x00000028   Code   RO         1088    .text.HAL_Init      stm32g0xx_hal.o
    0x080012e4   0x080012e4   0x00000044   Code   RO         1090    .text.HAL_InitTick  stm32g0xx_hal.o
    0x08001328   0x08001328   0x00000050   Code   RO         1459    .text.HAL_MspInit   stm32g0xx_hal_msp.o
    0x08001378   0x08001378   0x00000018   Code   RO         1167    .text.HAL_NVIC_EnableIRQ  stm32g0xx_hal_cortex.o
    0x08001390   0x08001390   0x00000040   Code   RO         1165    .text.HAL_NVIC_SetPriority  stm32g0xx_hal_cortex.o
    0x080013d0   0x080013d0   0x00000050   Code   RO         1377    .text.HAL_PWREx_ControlVoltageScaling  stm32g0xx_hal_pwr_ex.o
    0x08001420   0x08001420   0x000001f8   Code   RO         1403    .text.HAL_RCC_ClockConfig  stm32g0xx_hal_rcc.o
    0x08001618   0x08001618   0x00000458   Code   RO         1401    .text.HAL_RCC_OscConfig  stm32g0xx_hal_rcc.o
    0x08001a70   0x08001a70   0x00000014   Code   RO         1152    .text.HAL_SYSCFG_StrobeDBattpinsConfig  stm32g0xx_hal.o
    0x08001a84   0x08001a84   0x0000002c   Code   RO         1173    .text.HAL_SYSTICK_Config  stm32g0xx_hal_cortex.o
    0x08001ab0   0x08001ab0   0x00000002   Code   RO           40    .text.HardFault_Handler  stm32g0xx_it.o
    0x08001ab2   0x08001ab2   0x00000002   Code   RO           38    .text.NMI_Handler   stm32g0xx_it.o
    0x08001ab4   0x08001ab4   0x00000008   Code   RO          979    .text.OS_Tick_AcknowledgeIRQ  os_systick.o
    0x08001abc   0x08001abc   0x00000020   Code   RO          975    .text.OS_Tick_Enable  os_systick.o
    0x08001adc   0x08001adc   0x0000000c   Code   RO          987    .text.OS_Tick_GetCount  os_systick.o
    0x08001ae8   0x08001ae8   0x00000006   Code   RO          981    .text.OS_Tick_GetIRQn  os_systick.o
    0x08001aee   0x08001aee   0x00000002   PAD
    0x08001af0   0x08001af0   0x0000000c   Code   RO          985    .text.OS_Tick_GetInterval  os_systick.o
    0x08001afc   0x08001afc   0x00000010   Code   RO          989    .text.OS_Tick_GetOverflow  os_systick.o
    0x08001b0c   0x08001b0c   0x0000004c   Code   RO          973    .text.OS_Tick_Setup  os_systick.o
    0x08001b58   0x08001b58   0x00000090   Code   RO         1478    .text.SystemCoreClockUpdate  system_stm32g0xx.o
    0x08001be8   0x08001be8   0x00000010   Code   RO         1476    .text.SystemInit    system_stm32g0xx.o
    0x08001bf8   0x08001bf8   0x0000002c   Code   RO          582    .text._mutex_acquire  rtx_lib.o
    0x08001c24   0x08001c24   0x0000000a   Code   RO          586    .text._mutex_free   rtx_lib.o
    0x08001c2e   0x08001c2e   0x00000022   Code   RO          580    .text._mutex_initialize  rtx_lib.o
    0x08001c50   0x08001c50   0x0000002c   Code   RO          584    .text._mutex_release  rtx_lib.o
    0x08001c7c   0x08001c7c   0x00000008   Code   RO          574    .text._platform_post_stackheap_init  rtx_lib.o
    0x08001c84   0x08001c84   0x00000014   Code   RO            2    .text.app_initialize  blinky.o
    0x08001c98   0x08001c98   0x00000034   Code   RO            4    .text.app_main      blinky.o
    0x08001ccc   0x08001ccc   0x000000b0   Code   RO           22    .text.main          main.o
    0x08001d7c   0x08001d7c   0x00000034   Code   RO          106    .text.osDelay       rtx_delay.o
    0x08001db0   0x08001db0   0x0000002c   Code   RO          518    .text.osKernelGetState  rtx_kernel.o
    0x08001ddc   0x08001ddc   0x00000040   Code   RO          542    .text.osKernelGetSysTimerCount  rtx_kernel.o
    0x08001e1c   0x08001e1c   0x0000002c   Code   RO          534    .text.osKernelGetTickCount  rtx_kernel.o
    0x08001e48   0x08001e48   0x00000034   Code   RO          512    .text.osKernelInitialize  rtx_kernel.o
    0x08001e7c   0x08001e7c   0x00000030   Code   RO          522    .text.osKernelStart  rtx_kernel.o
    0x08001eac   0x08001eac   0x000000d8   Code   RO          687    .text.osMessageQueueGet  rtx_msgqueue.o
    0x08001f84   0x08001f84   0x000000a0   Code   RO          685    .text.osMessageQueuePut  rtx_msgqueue.o
    0x08002024   0x08002024   0x00000038   Code   RO          737    .text.osMutexAcquire  rtx_mutex.o
    0x0800205c   0x0800205c   0x00000034   Code   RO          743    .text.osMutexDelete  rtx_mutex.o
    0x08002090   0x08002090   0x00000034   Code   RO          733    .text.osMutexNew    rtx_mutex.o
    0x080020c4   0x080020c4   0x00000034   Code   RO          739    .text.osMutexRelease  rtx_mutex.o
    0x080020f8   0x080020f8   0x00000002   Code   RO         1002    .text.osRtxErrorNotify  rtx_config.o
    0x080020fa   0x080020fa   0x00000002   Code   RO         1000    .text.osRtxIdleThread  rtx_config.o
    0x080020fc   0x080020fc   0x00000014   Code   RO          510    .text.osRtxKernelErrorNotify  rtx_kernel.o
    0x08002110   0x08002110   0x00000112   Code   RO          576    .text.osRtxKernelPreInit  rtx_lib.o
    0x08002222   0x08002222   0x00000094   Code   RO          613    .text.osRtxMemoryAlloc  rtx_memory.o
    0x080022b6   0x080022b6   0x00000054   Code   RO          615    .text.osRtxMemoryFree  rtx_memory.o
    0x0800230a   0x0800230a   0x0000003e   Code   RO          611    .text.osRtxMemoryInit  rtx_memory.o
    0x08002348   0x08002348   0x00000032   Code   RO          627    .text.osRtxMemoryPoolAlloc  rtx_mempool.o
    0x0800237a   0x0800237a   0x0000003c   Code   RO          629    .text.osRtxMemoryPoolFree  rtx_mempool.o
    0x080023b6   0x080023b6   0x00000056   Code   RO          625    .text.osRtxMemoryPoolInit  rtx_mempool.o
    0x0800240c   0x0800240c   0x000001ae   Code   RO          709    .text.osRtxMessageQueuePostProcess  rtx_msgqueue.o
    0x080025ba   0x080025ba   0x00000002   PAD
    0x080025bc   0x080025bc   0x00000024   Code   RO          677    .text.osRtxMessageQueueTimerSetup  rtx_msgqueue.o
    0x080025e0   0x080025e0   0x0000005c   Code   RO          729    .text.osRtxMutexOwnerRelease  rtx_mutex.o
    0x0800263c   0x0800263c   0x00000050   Code   RO          731    .text.osRtxMutexOwnerRestore  rtx_mutex.o
    0x0800268c   0x0800268c   0x00000080   Code   RO          801    .text.osRtxPendSV_Handler  rtx_system.o
    0x0800270c   0x0800270c   0x0000007c   Code   RO          803    .text.osRtxPostProcess  rtx_system.o
    0x08002788   0x08002788   0x00000144   Code   RO          823    .text.osRtxThreadDelayTick  rtx_thread.o
    0x080028cc   0x080028cc   0x000000e4   Code   RO          829    .text.osRtxThreadDispatch  rtx_thread.o
    0x080029b0   0x080029b0   0x00000054   Code   RO          907    .text.osRtxThreadFree  rtx_thread.o
    0x08002a04   0x08002a04   0x00000014   Code   RO          815    .text.osRtxThreadListGet  rtx_thread.o
    0x08002a18   0x08002a18   0x0000002a   Code   RO          813    .text.osRtxThreadListPut  rtx_thread.o
    0x08002a42   0x08002a42   0x00000018   Code   RO          819    .text.osRtxThreadListRemove  rtx_thread.o
    0x08002a5a   0x08002a5a   0x0000005a   Code   RO          817    .text.osRtxThreadListSort  rtx_thread.o
    0x08002ab4   0x08002ab4   0x00000096   Code   RO          885    .text.osRtxThreadPostProcess  rtx_thread.o
    0x08002b4a   0x08002b4a   0x00000002   PAD
    0x08002b4c   0x08002b4c   0x00000038   Code   RO          821    .text.osRtxThreadReadyPut  rtx_thread.o
    0x08002b84   0x08002b84   0x00000006   Code   RO          825    .text.osRtxThreadRegPtr  rtx_thread.o
    0x08002b8a   0x08002b8a   0x00000002   PAD
    0x08002b8c   0x08002b8c   0x0000001c   Code   RO          835    .text.osRtxThreadStackCheck  rtx_thread.o
    0x08002ba8   0x08002ba8   0x00000048   Code   RO          837    .text.osRtxThreadStartup  rtx_thread.o
    0x08002bf0   0x08002bf0   0x00000014   Code   RO          827    .text.osRtxThreadSwitch  rtx_thread.o
    0x08002c04   0x08002c04   0x000000d0   Code   RO          833    .text.osRtxThreadWaitEnter  rtx_thread.o
    0x08002cd4   0x08002cd4   0x0000008c   Code   RO          831    .text.osRtxThreadWaitExit  rtx_thread.o
    0x08002d60   0x08002d60   0x00000080   Code   RO          799    .text.osRtxTick_Handler  rtx_system.o
    0x08002de0   0x08002de0   0x00000020   Code   RO          935    .text.osRtxTimerSetup  rtx_timer.o
    0x08002e00   0x08002e00   0x00000024   Code   RO          939    .text.osRtxTimerThread  rtx_timer.o
    0x08002e24   0x08002e24   0x000000c8   Code   RO          937    .text.osRtxTimerTick  rtx_timer.o
    0x08002eec   0x08002eec   0x00000018   Code   RO          869    .text.osThreadExit  rtx_thread.o
    0x08002f04   0x08002f04   0x00000084   Code   RO          877    .text.osThreadFlagsSet  rtx_thread.o
    0x08002f88   0x08002f88   0x00000044   Code   RO          883    .text.osThreadFlagsWait  rtx_thread.o
    0x08002fcc   0x08002fcc   0x00000044   Code   RO          841    .text.osThreadNew   rtx_thread.o
    0x08003010   0x08003010   0x00000034   Code   RO          110    .text.svcRtxDelay   rtx_delay.o
    0x08003044   0x08003044   0x0000000c   Code   RO          520    .text.svcRtxKernelGetState  rtx_kernel.o
    0x08003050   0x08003050   0x00000028   Code   RO          544    .text.svcRtxKernelGetSysTimerCount  rtx_kernel.o
    0x08003078   0x08003078   0x00000014   Code   RO          536    .text.svcRtxKernelGetTickCount  rtx_kernel.o
    0x0800308c   0x0800308c   0x0000014c   Code   RO          550    .text.svcRtxKernelInitialize  rtx_kernel.o
    0x080031d8   0x080031d8   0x00000098   Code   RO          552    .text.svcRtxKernelStart  rtx_kernel.o
    0x08003270   0x08003270   0x000001b4   Code   RO          715    .text.svcRtxMessageQueueGet  rtx_msgqueue.o
    0x08003424   0x08003424   0x0000022c   Code   RO          679    .text.svcRtxMessageQueueNew  rtx_msgqueue.o
    0x08003650   0x08003650   0x00000148   Code   RO          713    .text.svcRtxMessageQueuePut  rtx_msgqueue.o
    0x08003798   0x08003798   0x000000ec   Code   RO          749    .text.svcRtxMutexAcquire  rtx_mutex.o
    0x08003884   0x08003884   0x000000d0   Code   RO          755    .text.svcRtxMutexDelete  rtx_mutex.o
    0x08003954   0x08003954   0x000000a0   Code   RO          745    .text.svcRtxMutexNew  rtx_mutex.o
    0x080039f4   0x080039f4   0x00000100   Code   RO          751    .text.svcRtxMutexRelease  rtx_mutex.o
    0x08003af4   0x08003af4   0x000000a8   Code   RO          911    .text.svcRtxThreadExit  rtx_thread.o
    0x08003b9c   0x08003b9c   0x00000140   Code   RO          919    .text.svcRtxThreadFlagsSet  rtx_thread.o
    0x08003cdc   0x08003cdc   0x000000ec   Code   RO          925    .text.svcRtxThreadFlagsWait  rtx_thread.o
    0x08003dc8   0x08003dc8   0x0000028c   Code   RO          839    .text.svcRtxThreadNew  rtx_thread.o
    0x08004054   0x08004054   0x0000002c   Code   RO            8    .text.thrButton     blinky.o
    0x08004080   0x08004080   0x0000006e   Code   RO            6    .text.thrLED        blinky.o
    0x080040ee   0x080040ee   0x00000002   PAD
    0x080040f0   0x080040f0   0x000000c8   Code   RO         1017    .text.vioGetSignal  vio_stm32g071b-disco.o
    0x080041b8   0x080041b8   0x00000078   Code   RO         1011    .text.vioInit       vio_stm32g071b-disco.o
    0x08004230   0x08004230   0x0000008c   Code   RO         1015    .text.vioSetSignal  vio_stm32g071b-disco.o
    0x080042bc   0x080042bc   0x000001f6   Code   RO         1503    .text_divfast       c_p.l(aeabi_sdivfast.o)
    0x080044b2   0x080044b2   0x00000002   PAD
    0x080044b4   0x080044b4   0x00000070   Data   RO          592    .rodata             rtx_lib.o
    0x08004524   0x08004524   0x00000038   Data   RO          595    .rodata             rtx_lib.o
    0x0800455c   0x0800455c   0x00000040   Data   RO         1481    .rodata.AHBPrescTable  system_stm32g0xx.o
    0x0800459c   0x0800459c   0x00000018   Data   RO         1077    .rodata.EventRecorderInfo  eventrecorder.o
    0x080045b4   0x080045b4   0x00000005   Data   RO           88    .rodata.JOY_IRQn    stm32g071b_discovery.o
    0x080045b9   0x080045b9   0x00000001   PAD
    0x080045ba   0x080045ba   0x0000000a   Data   RO           87    .rodata.JOY_PIN     stm32g071b_discovery.o
    0x080045c4   0x080045c4   0x00000008   Data   RO           85    .rodata.LED_PIN     stm32g071b_discovery.o
    0x080045cc   0x080045cc   0x00000004   Data   RO          594    .rodata.osRtxUserSVC  rtx_lib.o
    0x080045d0   0x080045d0   0x00000024   Data   RO          589    .rodata.os_idle_thread_attr  rtx_lib.o
    0x080045f4   0x080045f4   0x00000018   Data   RO          591    .rodata.os_timer_mq_attr  rtx_lib.o
    0x0800460c   0x0800460c   0x00000024   Data   RO          590    .rodata.os_timer_thread_attr  rtx_lib.o
    0x08004630   0x08004630   0x0000000b   Data   RO          564    .rodata.str1.4      rtx_kernel.o
    0x0800463b   0x0800463b   0x00000001   PAD
    0x0800463c   0x0800463c   0x00000020   Data   RO         1844    Region$$Table       anon$$obj.o


    Execution Region RW_IRAM1 (Exec base: 0x20000000, Load base: 0x08004660, Size: 0x00006bc0, Max: 0x00008800, ABSOLUTE)

    Exec Addr    Load Addr    Size         Type   Attr      Idx    E Section Name        Object

    0x20000000   0x08004660   0x00000014   Data   RW           86    .data.JOY_PORT      stm32g071b_discovery.o
    0x20000014   0x08004674   0x00000010   Data   RW           84    .data.LED_PORT      stm32g071b_discovery.o
    0x20000024   0x08004684   0x00000004   Data   RW         1480    .data.SystemCoreClock  system_stm32g0xx.o
    0x20000028   0x08004688   0x000000a4   Data   RW          565    .data.os            rtx_kernel.o
    0x200000cc   0x0800472c   0x00000001   Data   RW         1155    .data.uwTickFreq    stm32g0xx_hal.o
    0x200000cd   0x0800472d   0x00000003   PAD
    0x200000d0   0x08004730   0x00000004   Data   RW         1154    .data.uwTickPrio    stm32g0xx_hal.o
    0x200000d4   0x08004734   0x00000004   PAD
    0x200000d8        -       0x00000060   Zero   RW         1699    .bss                c_p.l(libspace.o)
    0x20000138        -       0x00000004   Zero   RW           28    .bss.HAL_GetTick.ticks  main.o
    0x2000013c   0x08004734   0x00000004   PAD
    0x20000140        -       0x00005e00   Zero   RW          588    .bss.os             rtx_lib.o
    0x20005f40        -       0x00000001   Zero   RW          991    .bss.os             os_systick.o
    0x20005f41   0x08004734   0x00000003   PAD
    0x20005f44        -       0x00000034   Zero   RW          600    .bss.os.msgqueue.cb  rtx_lib.o
    0x20005f78        -       0x00000050   Zero   RW          601    .bss.os.msgqueue.mem  rtx_lib.o
    0x20005fc8        -       0x00000088   Zero   RW          597    .bss.os.thread.cb   rtx_lib.o
    0x20006050        -       0x00000200   Zero   RW          598    .bss.os.thread.idle.stack  rtx_lib.o
    0x20006250        -       0x00000200   Zero   RW          599    .bss.os.thread.timer.stack  rtx_lib.o
    0x20006450        -       0x00000001   Zero   RW          602    .bss.os_kernel_is_active.os_kernel_active  rtx_lib.o
    0x20006451   0x08004734   0x00000003   PAD
    0x20006454        -       0x00000004   Zero   RW           11    .bss.tid_thrButton  blinky.o
    0x20006458        -       0x00000004   Zero   RW           10    .bss.tid_thrLED     blinky.o
    0x2000645c   0x08004734   0x00000004   PAD
    0x20006460        -       0x00000008   Zero   RW         1040    .bss.vioAddrIPv4    vio_stm32g071b-disco.o
    0x20006468        -       0x00000020   Zero   RW         1041    .bss.vioAddrIPv6    vio_stm32g071b-disco.o
    0x20006488        -       0x00000100   Zero   RW         1037    .bss.vioPrintMem    vio_stm32g071b-disco.o
    0x20006588        -       0x00000004   Zero   RW         1035    .bss.vioSignalIn    vio_stm32g071b-disco.o
    0x2000658c        -       0x00000004   Zero   RW         1036    .bss.vioSignalOut   vio_stm32g071b-disco.o
    0x20006590        -       0x0000000c   Zero   RW         1038    .bss.vioValue       vio_stm32g071b-disco.o
    0x2000659c        -       0x00000024   Zero   RW         1039    .bss.vioValueXYZ    vio_stm32g071b-disco.o
    0x200065c0        -       0x00000200   Zero   RW         1467    HEAP                startup_stm32g071xx.o
    0x200067c0        -       0x00000400   Zero   RW         1466    STACK               startup_stm32g071xx.o


    Execution Region RW_RAM1 (Exec base: 0x20008800, Load base: 0x08004738, Size: 0x000004e4, Max: 0x00000800, ABSOLUTE, UNINIT)

    Exec Addr    Load Addr    Size         Type   Attr      Idx    E Section Name        Object

    0x20008800        -       0x00000001   Zero   RW         1078    .bss.SysTimerState  eventrecorder.o
    0x20008801        -       0x00000001   Zero   RW         1079    .bss.TS_OverflowLock  eventrecorder.o
    0x20008802   0x08004738   0x0000003e   PAD
    0x20008840        -       0x000004a4   Zero   RW         1076    .bss.noinit         eventrecorder.o


==============================================================================

Image component sizes


      Code (inc. data)   RO Data    RW Data    ZI Data      Debug   Object Name

       226         24          0          0          8       3033   blinky.o
      1484         64         24          0       1190      20693   eventrecorder.o
       200         12          0          0          0        828   irq_armv6m.o
       248          8          0          0          4       3606   main.o
       162         24          0          0          1       3409   os_systick.o
         4          0          0          0          0        697   rtx_config.o
       104          4          0          0          0       3150   rtx_delay.o
      1370        228          0          0          0      37746   rtx_evr.o
       828         48         11        164          0      16825   rtx_kernel.o
       414          4        268          0      25357       7917   rtx_lib.o
       294          0          0          0          0       2936   rtx_memory.o
       196          0          0          0          0      18242   rtx_mempool.o
      2162         40          0          0          0      23699   rtx_msgqueue.o
      1244         32          0          0          0      10614   rtx_mutex.o
       380         14          0          0          0       5135   rtx_system.o
      3160         98          0          0          0      40809   rtx_thread.o
       268          8          0          0          0      11691   rtx_timer.o
        56         26        188          0       1536        676   startup_stm32g071xx.o
       408         46         23         36          0       7179   stm32g071b_discovery.o
       160          8          0          5          0       7905   stm32g0xx_hal.o
       132         16          0          0          0       7020   stm32g0xx_hal_cortex.o
       434         20          0          0          0       5157   stm32g0xx_hal_gpio.o
        80          4          0          0          0       2283   stm32g0xx_hal_msp.o
        80          8          0          0          0       7288   stm32g0xx_hal_pwr_ex.o
      1616         76          0          0          0       9553   stm32g0xx_hal_rcc.o
         4          0          0          0          0        536   stm32g0xx_it.o
       160         28         64          4          0       2349   system_stm32g0xx.o
       460         28          0          0        352       5461   vio_stm32g071b-disco.o

    ----------------------------------------------------------------------
     16348        868        612        212      28528     266437   Object Totals
         0          0         32          0          0          0   (incl. Generated)
        14          0          2          3         80          0   (incl. Padding)

    ----------------------------------------------------------------------

      Code (inc. data)   RO Data    RW Data    ZI Data      Debug   Library Member Name

         8          0          0          0          0         68   __main.o
         0          0          0          0          0          0   __rtentry.o
        20          0          0          0          0          0   __rtentry2.o
         6          0          0          0          0          0   __rtentry4.o
        60          8          0          0          0          0   __scatter.o
        26          0          0          0          0          0   __scatter_copy.o
        28          0          0          0          0          0   __scatter_zi.o
        18          0          0          0          0         68   aeabi_memset4.o
       502          0          0          0          0         92   aeabi_sdivfast.o
        16          0          0          0          0         68   exit.o
         6          0          0          0          0        136   heapauxi.o
         0          0          0          0          0          0   indicate_semi.o
         2          0          0          0          0          0   libinit.o
         2          0          0          0          0          0   libinit2.o
         2          0          0          0          0          0   libshutdown.o
         2          0          0          0          0          0   libshutdown2.o
         8          4          0          0         96         68   libspace.o
        64          0          0          0          0        108   rt_memclr.o
       186          0          0          0          0        144   rt_memcpy.o
         2          0          0          0          0          0   rtexit.o
        10          0          0          0          0          0   rtexit2.o
        12          4          0          0          0         60   sys_exit.o
        62          0          0          0          0         80   sys_stackheap_outer.o
         2          0          0          0          0         68   use_no_semi.o

    ----------------------------------------------------------------------
      1052         16          0          0         96        960   Library Totals
         8          0          0          0          0          0   (incl. Padding)

    ----------------------------------------------------------------------

      Code (inc. data)   RO Data    RW Data    ZI Data      Debug   Library Name

      1044         16          0          0         96        960   c_p.l

    ----------------------------------------------------------------------
      1052         16          0          0         96        960   Library Totals

    ----------------------------------------------------------------------

==============================================================================


      Code (inc. data)   RO Data    RW Data    ZI Data      Debug   

     17400        884        612        212      28624     266569   Grand Totals
     17400        884        612        212      28624     266569   ELF Image Totals
     17400        884        612        212          0          0   ROM Totals

==============================================================================

    Total RO  Size (Code + RO Data)                18012 (  17.59kB)
    Total RW  Size (RW Data + ZI Data)             28836 (  28.16kB)
    Total ROM Size (Code + RO Data + RW Data)      18224 (  17.80kB)

==============================================================================

